Turbo Assembler	 Version 4.1	    06/02/26 07:01:08	    Page 1
head.ASM



      1					     include defs.asm
1     2	      =000B		     majver	     equ     11		     ;version number of	the infrastructure.
1     3
1     4	      =0010		     MAX_ADDR_LEN    equ     16		     ;maximum number of	bytes in our address.
1     5
1     6	      =000A		     MAX_HANDLE	     equ     10		     ;maximum number of	handles.
1     7
1     8	      =0008		     MAX_P_LEN	     equ     8		     ;maximum type length
1     9
1    10	      =0008		     MAX_MULTICAST   equ     8		     ;maximum number of	multicast addresses.
1    11
1    12				     ;	Copyright, 1988-1992, Russell Nelson, Crynwr Software
1    13
1    14				     ;	 This program is free software;	you can	redistribute it	and/or modify
1    15				     ;	 it under the terms of the GNU General Public License as published by
1    16				     ;	 the Free Software Foundation, version 1.
1    17				     ;
1    18				     ;	 This program is distributed in	the hope that it will be useful,
1    19				     ;	 but WITHOUT ANY WARRANTY; without even	the implied warranty of
1    20				     ;	 MERCHANTABILITY or FITNESS FOR	A PARTICULAR PURPOSE.  See the
1    21				     ;	 GNU General Public License for	more details.
1    22				     ;
1    23				     ;	 You should have received a copy of the	GNU General Public License
1    24				     ;	 along with this program; if not, write	to the Free Software
1    25				     ;	 Foundation, Inc., 59 Temple Place - Suite 330,	Boston,	MA 02111-1307, USA
1    26
1    27	      =0009		     HT	     equ     09h
1    28	      =000D		     CR	     equ     0dh
1    29	      =000A		     LF	     equ     0ah
1    30
1    31				     ;
1    32				     ;	Packet Driver Error numbers
1    33	      =0000		     NO_ERROR	     equ     0		     ;no error at all.
1    34	      =0001		     ERR_BAD_HANDLE  equ     1		     ;invalid handle number
1    35	      =0002		     NO_CLASS	     equ     2		     ;no interfaces of specified class found
1    36	      =0003		     NO_TYPE	     equ     3		     ;no interfaces of specified type found
1    37	      =0004		     NO_NUMBER	     equ     4		     ;no interfaces of specified number	found
1    38	      =0005		     ERR_BAD_TYPE    equ     5		     ;bad packet type specified
1    39	      =0006		     NO_MULTICAST    equ     6		     ;this interface does not support
1    40									     ;multicast
1    41	      =0007		     CANT_TERMINATE  equ     7		     ;this packet driver cannot	terminate
1    42	      =0008		     BAD_MODE	     equ     8		     ;an invalid receiver mode was specified
1    43	      =0009		     NO_SPACE	     equ     9		     ;operation	failed because of
1    44									     ;insufficient space
1    45	      =000A		     TYPE_INUSE	     equ     10		     ;the type had previously been accessed,
1    46									     ;and not released.
1    47	      =000B		     BAD_COMMAND     equ     11		     ;the command was out of range, or not
1    48									     ;implemented
1    49	      =000C		     CANT_SEND	     equ     12		     ;the packet couldn't be sent (usually
1    50									     ;hardware error)
1    51	      =000D		     CANT_SET	     equ     13		     ;hardware address couldn't	be changed
1    52									     ;(more than 1 handle open)
1    53	      =000E		     BAD_ADDRESS     equ     14		     ;hardware address has bad length or
1    54									     ;format
1    55	      =000F		     CANT_RESET	     equ     15		     ;Couldn't reset interface (more than
1    56									     ;1	handle open).
1    57	      =0010		     BAD_IOCB	     equ     16		     ;an invalid iocb was specified
Turbo Assembler	 Version 4.1	    06/02/26 07:01:08	    Page 2
head.ASM



1    58
1    59				     ;a	few useful Ethernet definitions.
1    60	      =003C		     RUNT	     equ     60		     ;smallest legal size packet, no fcs
1    61	      =05EA		     GIANT	     equ     1514	     ;largest legal size packet, no fcs
1    62	      =0006		     EADDR_LEN	     equ     6		     ;Ethernet address length.
1    63	      =0001		     ARCADDR_LEN     equ     1
1    64
1    65	      =0001		     BLUEBOOK	     equ     1
1    66	      =000B		     IEEE8023	     equ     11
1    67
1    68				     ;The following two	macros are used	to manipulate port addresses.
1    69				     ;Use loadport to initialize dx.  Use setport to set a specific port on
1    70				     ;the board.  setport remembers what the current port number is, but beware!
1    71				     ;setport assumes that code	is being executed in the same order as the
1    72				     ;code is presented	in the source file.  Whenever this assumption is violated,
1    73				     ;you need to enter	another	loadport.  Some, but not all examples are:
1    74				     ;in a loop	with multiple setports,	or a backward jump over	a setport, or
1    75				     ;a	forward	jump over a setport.  If you have any doubt, consult the
1    76				     ;individual driver	sources	for examples of	usage.	If you suspect that
1    77				     ;you have too few loadports, define the symbol "no_confidence" to a
1    78				     ;one.  This will force a loadport before every setport.  If you wish to turn
1    79				     ;it off for some of your code, redefine it	to a zero.
1    80
1    81				     loadport	     macro
1    82					     mov     dx,io_addr
1    83				     port_no =	     0
1    84					     endm
1    85
1    86				     ;change the port number from the current value to the new value.
1    87				     setport macro   new_port_no
1    88					     ifdef   no_confidence	     ;define if	you suspect that you don't
1    89					       if    no_confidence
1    90						     loadport		     ;	have enough loadports, i.e. dx is
1    91					       endif
1    92					     endif			     ;	set to the wrong port.
1    93					     if	     new_port_no - port_no EQ 1
1    94						     inc     dx
1    95					     else
1    96						     if	     new_port_no - port_no EQ -1
1    97							     dec     dx
1    98						     else
1    99							     if	     new_port_no - port_no NE 0
1   100								     add     dx,new_port_no - port_no
1   101							     endif
1   102						     endif
1   103					     endif
1   104				     port_no =	     new_port_no
1   105					     endm
1   106
1   107				     ;this macro does a	"rep movsb" with a static count.
1   108				     repmov  macro   count
1   109					     rept    (count) / 2
1   110					     movsw
1   111					     endm
1   112					     rept    (count) MOD 2
1   113					     movsb
1   114					     endm
Turbo Assembler	 Version 4.1	    06/02/26 07:01:08	    Page 3
head.ASM



1   115					     endm
1   116
1   117				     ;moves a segment register into another segment register.
1   118				     movseg  macro   to, from
1   119					     push    from
1   120					     pop     to
1   121					     endm
1   122
1   123				     ;add a word to a dword.
1   124				     add2    macro   n,a		     ; inc a 32	bit integer
1   125					     add     n.offs,a		     ;increment	the low	word
1   126					     adc     n.segm,0		     ;increment	the high word
1   127					     endm
1   128
1   129				     ;this macro writes	the given character to the given row and column	on
1   130				     ;	an CGA.
1   131				     to_scrn macro   r,	c, ch
1   132					     local   again
1   133					     push    bx
1   134					     push    es
1   135					     mov     bx,0b800h
1   136					     mov     es,bx
1   137					     mov     bx,es:[r*160+c*2]
1   138				     again:
1   139					     inc     bh
1   140					     and     bh,07h
1   141					     je	     again		     ;;	don't use black.
1   142					     mov     bl,ch
1   143					     mov     es:[r*160+c*2],bx
1   144					     pop     es
1   145					     pop     bx
1   146					     endm
1   147
1   148
1   149
1   150	*000			     segmoffs	     struc		     ; defines offs as 0, segm as 2
1   151	*000  01*(????)		     offs	     dw	     ?
1   152	*002  01*(????)		     segm	     dw	     ?
1   153	*004			     segmoffs	     ends
1   154
1   155	*000			     iocb	     struc		     ; as_send_pkt structure
1   156	*000  01*(????????)	     buffer	     dd	     ?		     ; Pointer to the buffer
1   157	*004  01*(????)		     len	     dw	     ?		     ; Its length
1   158	*006  01*(??)		     flags	     db	     ?		     ; Some flags
1   159	*007  01*(??)		     ret_code	     db	     ?		     ; Completion code
1   160	*008  01*(????????)	     upcall	     dd	     ?		     ; I/O completion upcall
1   161	*00C  01*(????????)	     next	     dd	     ?		     ; Private next pointer (queue)
1   162	*010  01*(04*(??))	     resv	     db	     4 dup (?)	     ; Unused private data
1   163	*014			     iocb	     ends
1   164
1   165	      =0001		     DONE    equ     1		     ; I/O complete flag
1   166	      =0002		     CALLME  equ     2		     ; Please upcall me	flag
1   167
1   168
1   169				     send_queueempty macro
1   170				     ; Check if	send queue is empty.
1   171				     ; Enter with interrupts disabled.
Turbo Assembler	 Version 4.1	    06/02/26 07:01:08	    Page 4
head.ASM



1   172				     ; Exit with zr (zero) if empty, nz	(not zero) if not.
1   173				     ; Destroys	ax.
1   174					     mov ax, word ptr send_head	     ; Queue empty?
1   175					     or	ax,  word ptr send_head+2
1   176					     endm
1   177
1   178				     send_peekqueue  macro
1   179				     ; Peek into the queue and get the next entry.
1   180				     ; Enter with interrupts disabled.
1   181				     ; Exit with es:di -> iocb.
1   182					     les di, send_head	     ; Get head	segment:offset
1   183					     endm
1   184
1   185				     print_it	     macro
1   186					     mov	     ah, 9
1   187					     int	     21h
1   188					     endm
1   189
1   190				     print   macro   message_param
1   191					     mov	     dx, offset	message_param
1   192					     print_it
1   193					     endm
1   194
1   195				     ; Bits in sys_features
1   196	      =0002		     SYS_MCA equ     02		     ; a micro channel computer
1   197	      =0040		     TWO_8259	     equ     40h	     ; 2nd 8259	exists
1   198
1   199				     ; Bits in flagbyte
1   200	      =0001		     CALLED_ETOPEN   equ     1		     ; have called etopen
1   201	      =0002		     D_OPTION	     equ     2		     ; delayed initialization
1   202	      =0004		     N_OPTION	     equ     4		     ; Novell protocol conversion
1   203	      =0008		     W_OPTION	     equ     8		     ; Windows upcall checking.
1   204	      =0010		     U_OPTION	     equ     10h	     ; Terminate the driver.
1   205	      =0020		     M_OPTION	     equ     20h	     ; Micronetics M
1   206
1   207
    208
    209				     ;	Copyright, 1988-1993, Russell Nelson, Crynwr Software
    210
    211				     ;	 This program is free software;	you can	redistribute it	and/or modify
    212				     ;	 it under the terms of the GNU General Public License as published by
    213				     ;	 the Free Software Foundation, version 1.
    214				     ;
    215				     ;	 This program is distributed in	the hope that it will be useful,
    216				     ;	 but WITHOUT ANY WARRANTY; without even	the implied warranty of
    217				     ;	 MERCHANTABILITY or FITNESS FOR	A PARTICULAR PURPOSE.  See the
    218				     ;	 GNU General Public License for	more details.
    219				     ;
    220				     ;	 You should have received a copy of the	GNU General Public License
    221				     ;	 along with this program; if not, write	to the Free Software
    222				     ;	 Foundation, Inc., 59 Temple Place - Suite 330,	Boston,	MA 02111-1307, USA
    223
    224	0000			     code    segment word public
    225					     assume  cs:code, ds:code
    226
    227					     public  phd_environ
    228					     org     2ch
Turbo Assembler	 Version 4.1	    06/02/26 07:01:08	    Page 5
head.ASM



    229	002C  ????		     phd_environ     dw	     ?
    230
    231					     public  phd_dioa
    232					     org     80h
    233	0080			     phd_dioa	     label   byte
    234
    235					     org     100h
    236	0100			     start:
    237	0100  E9 0000e			     jmp     start_1
    238					     extrn   start_1: near
    239	0103  50 4B			     db	     "PK"
    240					     extrn   branding_msg: byte
    241	0105  0000e			     dw	     branding_msg
    242
    243	0107  90			     even			     ;put the stack on a word boundary.
    244	0108  80*(????)			     dw	     128 dup(?)		     ;128 words	of stack.
    245	0208			     our_stack	     label   byte
    246
    247
    248					     extrn   int_no: byte
    249
    250					     public  entry_point, sys_features,	flagbyte, is_186, is_286, is_386
    251	0208  ?? ?? ?? ??	     entry_point     db	     ?,?,?,?	     ; interrupt to communicate.
    252	020C  00		     sys_features    db	     0		     ; 2h = MC	 40h = 2nd 8259
    253	020D  00		     is_186	     db	     0		     ;=0 if 808[68], =1	if 80[123]86.
    254	020E  00		     is_286	     db	     0		     ;=0 if 80[1]8[68],	=1 if 80[234]86.
    255	020F  00		     is_386	     db	     0		     ;=0 if 80[12]8[68], =1 if 80[34]86.
    256	0210  00		     flagbyte	     db	     0
    257	0211  00		     original_mask   db	     0		     ;=0 if interrupt was originally on.
    258					     even
    259
    260	0212			     functions	     label   word
    261	0212  0482r			     dw	     f_not_implemented	     ;0
    262	0214  0486r			     dw	     f_driver_info	     ;1
    263	0216  0578r			     dw	     f_access_type	     ;2
    264	0218  062Br			     dw	     f_release_type	     ;3
    265	021A  0677r			     dw	     f_send_pkt		     ;4
    266	021C  0727r			     dw	     f_terminate	     ;5
    267	021E  0789r			     dw	     f_get_address	     ;6
    268	0220  07F0r			     dw	     f_reset_interface	     ;7
    269	0222  07F8r			     dw	     f_stop		     ;8
    270	0224  0482r			     dw	     f_not_implemented	     ;9
    271	0226  080Ar			     dw	     f_get_parameters	     ;10
    272	0228  0482r			     dw	     f_not_implemented	     ;11
    273	022A  06B3r			     dw	     f_as_send_pkt	     ;12
    274	022C  06EAr			     dw	     f_drop_pkt		     ;13
    275	022E  0482r			     dw	     f_not_implemented	     ;14
    276	0230  0482r			     dw	     f_not_implemented	     ;15
    277	0232  0482r			     dw	     f_not_implemented	     ;16
    278	0234  0482r			     dw	     f_not_implemented	     ;17
    279	0236  0482r			     dw	     f_not_implemented	     ;18
    280	0238  0482r			     dw	     f_not_implemented	     ;19
    281	023A  04D3r			     dw	     f_set_rcv_mode	     ;20
    282	023C  0507r			     dw	     f_get_rcv_mode	     ;21
    283	023E  0512r			     dw	     f_set_multicast_list    ;22
    284	0240  0547r			     dw	     f_get_multicast_list    ;23
    285	0242  055Br			     dw	     f_get_statistics	     ;24
Turbo Assembler	 Version 4.1	    06/02/26 07:01:08	    Page 6
head.ASM



    286	0244  07A1r			     dw	     f_set_address	     ;25
    287
    288				     ;external data supplied by	device-dependent module:
    289					     extrn   driver_class: byte
    290					     extrn   driver_type: byte
    291					     extrn   driver_name: byte
    292					     extrn   driver_function: byte
    293					     extrn   parameter_list: byte
    294					     extrn   rcv_modes:	word	     ;count of modes followed by mode handles.
    295
    296				     ;external code supplied by	device-dependent module:
    297					     extrn   send_pkt: near
    298					     extrn   as_send_pkt: near
    299					     extrn   drop_pkt: near
    300					     extrn   set_address: near
    301					     extrn   terminate:	near
    302					     extrn   reset_interface: near
    303					     extrn   xmit: near
    304					     extrn   recv: near
    305					     extrn   etopen: near
    306					     extrn   set_multicast_list: near
    307					     extrn   timer_isr:	near
    308
    309	*246			     per_handle	     struc
    310	*000  01*(????)		     next_type	     dw	     ?		     ;points to	the next type to look at.
    311	*002  01*(00)		     in_use	     db	     0		     ;non-zero if this handle is in use.
    312	*003  01*(08*(00))	     packet_type     db	     MAX_P_LEN dup(0);associated packet	type.
    313	*00B  01*(0000)		     packet_type_len dw	     0		     ;associated packet	type length.
    314	*00D  01*(00000000)	     receiver	     dd	     0		     ;receiver handler.
    315	*011  01*(08*(??))	     receiver_sig    db	     8 dup(?)	     ;signature	at the receiver	handler.
    316	*019  01*(??)		     class	     db	     ?		     ;interface	class
    317	*01A			     per_handle	     ends
    318
    319
    320	0246  0A*(02*(??) 00 08*  +  handles	     per_handle	MAX_HANDLE dup(<>)
    321	      (00) 0000	00000000  +
    322	      09*(??))
    323	034A			     end_handles     label   byte
    324
    325					     public  multicast_count, multicast_addrs, multicast_broad
    326	034A  0000		     multicast_count dw	     0		     ;count of stored multicast	addresses.
    327	034C  FF FF FF FF FF FF	     multicast_broad db	     0ffh,0ffh,0ffh,0ffh,0ffh,0ffh   ; entry for broadcast
    328	0352  30*(??)		     multicast_addrs db	     MAX_MULTICAST*EADDR_LEN dup(?)
    329
    330				     ;the device-dependent code	reads the board's address from ROM in the
    331				     ;initialization code.
    332					     public  address_len, rom_address, my_address
    333	0382  0006		     address_len     dw	     EADDR_LEN		     ;default to Ethernet.
    334	0384  10*(??)		     rom_address     db	     MAX_ADDR_LEN dup(?)     ;our address in ROM.
    335	0394  10*(??)		     my_address	     db	     MAX_ADDR_LEN dup(?)     ;our current address.
    336
    337	03A4  0003		     rcv_mode_num    dw	     3
    338
    339	03A6  0000		     found_handle    dw	     0		     ; temp, handle for	our packet
    340	03A8  00000000		     receive_ptr     dd	     0		     ; the pkt receive service routine
    341
    342					     public  send_head,	send_tail
Turbo Assembler	 Version 4.1	    06/02/26 07:01:08	    Page 7
head.ASM



    343	03AC  00000000		     send_head	     dd	     0		     ; head of transmit	queue
    344	03B0  00000000		     send_tail	     dd	     0		     ; tail of transmit	queue
    345
    346	03B4			     statistics_list label   dword
    347	03B4  ???? ????		     packets_in	     dw	     ?,?
    348	03B8  ???? ????		     packets_out     dw	     ?,?
    349	03BC  ???? ????		     bytes_in	     dw	     ?,?
    350	03C0  ???? ????		     bytes_out	     dw	     ?,?
    351	03C4  ???? ????		     errors_in	     dw	     ?,?
    352	03C8  ???? ????		     errors_out	     dw	     ?,?
    353	03CC  ???? ????		     packets_dropped dw	     ?,?	     ;dropped due to no	type handler.
    354
    355	03D0			     savespss	     label   dword
    356	03D0  ????		     savesp	     dw	     ?		     ;saved during the stack swap.
    357	03D2  ????		     savess	     dw	     ?
    358
    359					     public  their_timer
    360	03D4  00000000		     their_timer     dd	     0		     ;original owner of	timer int
    361	03D8  00000000		     their_recv_isr  dd	     0		     ;original owner of	board int.
    362
    363				     ;
    364				     ; The following structure is used to access the registers pushed by the
    365				     ; packet driver interrupt handler.	 Don't change this structure without also
    366				     ; changing	the "bytes" structure given below.
    367				     ;
    368	*3DC			     regs    struc			     ; stack offsets of	incoming regs
    369	*000  01*(????)		     _ES     dw	     ?
    370	*002  01*(????)		     _DS     dw	     ?
    371	*004  01*(????)		     _BP     dw	     ?
    372	*006  01*(????)		     _DI     dw	     ?
    373	*008  01*(????)		     _SI     dw	     ?
    374	*00A  01*(????)		     _DX     dw	     ?
    375	*00C  01*(????)		     _CX     dw	     ?
    376	*00E  01*(????)		     _BX     dw	     ?
    377	*010  01*(????)		     _AX     dw	     ?
    378	*012  01*(????)		     _IP     dw	     ?
    379	*014  01*(????)		     _CS     dw	     ?
    380	*016  01*(????)		     _F	     dw	     ?			     ; flags, Carry flag is bit	0
    381	*018			     regs    ends
    382
    383				     ;
    384				     ; bits in the _F register.
    385				     ;
    386	      =0001		     CY	     equ     0001h
    387	      =0200		     EI	     equ     0200h
    388
    389
    390				     ;
    391				     ; This structure is a bytewise version of the "regs" structure above.
    392				     ;
    393	*3DC			     bytes   struc			     ; stack offsets of	incoming regs
    394	*000  01*(????)			     dw	     ?			     ; es, ds, bp, di, si are 16 bits
    395	*002  01*(????)			     dw	     ?
    396	*004  01*(????)			     dw	     ?
    397	*006  01*(????)			     dw	     ?
    398	*008  01*(????)			     dw	     ?
    399	*00A  01*(??)		     _DL     db	     ?
Turbo Assembler	 Version 4.1	    06/02/26 07:01:08	    Page 8
head.ASM



    400	*00B  01*(??)		     _DH     db	     ?
    401	*00C  01*(??)		     _CL     db	     ?
    402	*00D  01*(??)		     _CH     db	     ?
    403	*00E  01*(??)		     _BL     db	     ?
    404	*00F  01*(??)		     _BH     db	     ?
    405	*010  01*(??)		     _AL     db	     ?
    406	*011  01*(??)		     _AH     db	     ?
    407	*012			     bytes   ends
    408
    409					     public  their_isr
    410	03DC  00000000		     their_isr	     dd	     0		     ; original	owner of pkt driver int
    411
    412					     public  our_isr
    413	03E0			     our_isr:
    414	03E0  EB 46			     jmp     short our_isr_0	     ;the required signature.
    415	03E2  90			     nop
    416	03E3  50 4B 54 20 44 52	56+	     db	     'PKT DRVR',0
    417	      52 00
    418
    419
    420	03EC			     our_isr_open:
    421	03EC  50			     push    ax			     ; save lots of registers
    422	03ED  53			     push    bx
    423	03EE  51			     push    cx
    424	03EF  52			     push    dx
    425	03F0  56			     push    si
    426	03F1  57			     push    di
    427	03F2  55			     push    bp
    428	03F3  1E			     push    ds
    429	03F4  06			     push    es
    430
    431	03F5  E8 0000e			     call    etopen		     ; init the	card
    432	03F8  72 1A			     jc	     our_isr_no_init
    433
    434	03FA  BE 0384r			     mov     si,offset rom_address   ;copy their original address to
    435					     movseg  es,ds
1   436	03FD  1E			     push    ds
1   437	03FE  07			     pop     es
    438	03FF  BF 0394r			     mov     di,offset my_address    ;	their current address.
    439	0402  B9 0008			     mov     cx,MAX_ADDR_LEN/2
    440	0405  F3> A5			     rep     movsw
    441
    442	0407  83 3E 0008e 00		     cmp     rcv_modes+2[3*2],0	     ;does mode	3 exist?
    443	040C  F9			     stc			     ;make sure	we generate an error!
    444	040D  74 05			     je	     our_isr_no_init	     ;no.
    445	040F  FF 16 0008e		     call    rcv_modes+2[3*2]	     ;	call it.
    446	0413  F8			     clc
    447
    448	0414			     our_isr_no_init:
    449	0414  07			     pop     es			     ; restore lots of registers
    450	0415  1F			     pop     ds
    451	0416  5D			     pop     bp
    452	0417  5F			     pop     di
    453	0418  5E			     pop     si
    454	0419  5A			     pop     dx
    455	041A  59			     pop     cx
    456	041B  5B			     pop     bx
Turbo Assembler	 Version 4.1	    06/02/26 07:01:08	    Page 9
head.ASM



    457	041C  58			     pop     ax
    458	041D  B6 0F			     mov     dh,CANT_RESET	     ; (actually can't initialize)
    459	041F  72 3D			     jc	     our_isr_error
    460	0421  80 0E 0210r 01		     or	     flagbyte,CALLED_ETOPEN  ; remember	this fact
    461	0426  EB 1B			     jmp     short our_isr_cont
    462
    463
    464	0428			     our_isr_0:
    465					     assume  ds:nothing
    466	0428  50			     push    ax
    467	0429  53			     push    bx
    468	042A  51			     push    cx
    469	042B  52			     push    dx
    470	042C  56			     push    si
    471	042D  57			     push    di
    472	042E  55			     push    bp
    473	042F  1E			     push    ds
    474	0430  06			     push    es
    475	0431  FC			     cld
    476	0432  8C CB			     mov     bx,cs		     ;set up ds.
    477	0434  8E DB			     mov     ds,bx
    478					     assume  ds:code
    479	0436  8B EC			     mov     bp,sp		     ;we use bp	to access the original regs.
    480	0438  83 66 16 FE		     and     _F[bp],not	CY	     ;start by clearing	the carry flag.
    481
    482
    483	043C  F6 06 0210r 01		     test    flagbyte,CALLED_ETOPEN  ; have we initialized the card?
    484	0441  74 A9			     jz	     our_isr_open	     ; no
    485	0443			     our_isr_cont:
    486	0443  8A DC			     mov     bl,ah		     ;jump to the correct function.
    487	0445  32 FF			     xor     bh,bh
    488	0447  83 FB 19			     cmp     bx,25		     ;only twenty five functions right now.
    489	044A  77 1D			     ja	     f_bad_command
    490	044C  03 DB			     add     bx,bx		     ;*2
    491				     ;
    492				     ; The functions are called	with all the original registers	except
    493				     ; BX, DH, and BP.	They do	not need to preserve any of them.  If the
    494				     ; function	returns	with cy	clear, all is well.  Otherwise dh=error	number.
    495				     ;
    496	044E  FF 97 0212r		     call    functions[bx]
    497					     assume  ds:nothing
    498	0452  72 0A			     jc	     our_isr_error
    499	0454			     our_isr_return:
    500	0454  07			     pop     es
    501	0455  1F			     pop     ds
    502	0456  5D			     pop     bp
    503	0457  5F			     pop     di
    504	0458  5E			     pop     si
    505	0459  5A			     pop     dx
    506	045A  59			     pop     cx
    507	045B  5B			     pop     bx
    508	045C  58			     pop     ax
    509	045D  CF			     iret
    510
    511	045E			     our_isr_error:
    512					     assume  ds:nothing
    513	045E  8B EC			     mov     bp,sp		     ;we use bp	to access the original regs.
Turbo Assembler	 Version 4.1	    06/02/26 07:01:08	    Page 10
head.ASM



    514	0460  88 76 0B			     mov     _DH[bp],dh
    515	0463  83 4E 16 01		     or	     _F[bp],CY		     ;return their carry flag.
    516	0467  EB EB			     jmp     short our_isr_return
    517
    518	0469			     f_bad_command:
    519					     assume  ds:code
    520					     extrn   bad_command_intercept: near
    521	0469  8B 5E 0E			     mov     bx,_BX[bp]
    522	046C  E8 0000e			     call    bad_command_intercept
    523	046F  89 5E 0E			     mov     _BX[bp],bx
    524	0472  89 56 0A			     mov     _DX[bp],dx
    525	0475  73 DD			     jnc     our_isr_return
    526	0477  EB E5			     jmp     our_isr_error
    527
    528					     public  re_enable_interrupts
    529	0479			     re_enable_interrupts:
    530				     ; Possibly	re-enable interrupts.  We put this here	so that	other routines
    531				     ; don't need to know how we put things on the stack.
    532	0479  F7 46 16 0200		     test    _F[bp], EI		     ; Were interrupts enabled on pkt driver entry?
    533	047E  74 01			     je	     re_enable_interrupts_1  ; No.
    534	0480  FB			     sti			     ; Yes, re-enable interrupts now.
    535	0481			     re_enable_interrupts_1:
    536	0481  C3			     ret
    537
    538
    539	0482			     f_not_implemented:
    540	0482  B6 0B			     mov     dh,BAD_COMMAND
    541	0484  F9			     stc
    542	0485  C3			     ret
    543
    544
    545	0486			     f_driver_info:
    546				     ;	     As	of 1.08, the handle is optional, so we no longer verify	it.
    547				     ;	     call    verify_handle
    548	0486  80 7E 10 FF		     cmp     _AL[bp],0ffh	     ; correct calling convention?
    549	048A  75 45			     jne     f_driver_info_1	     ; ne = incorrect, fail
    550
    551									     ;For enhanced PD, if they call
    552	048C  81 7E 0E 0246r		     cmp     _BX[bp],offset handles  ;with a handle, give them the
    553									     ;class they think it is
    554	0491  72 18			     jb	     default_handle
    555	0493  81 7E 0E 034Ar		     cmp     _BX[bp],offset end_handles	;otherwise default to first class
    556	0498  73 11			     jae     default_handle
    557	049A  8B 5E 0E			     mov     bx, _BX[bp]
    558	049D  80 7F 02 00		     cmp     [bx].in_use,0	     ;if it's not in use, it's bad.
    559	04A1  74 08			     je	     default_handle
    560	04A3  8A 47 19			     mov     al, [bx].class
    561	04A6  88 46 0D			     mov     _CH[bp], al
    562	04A9  EB 06			     jmp     short got_handle
    563
    564	04AB			     default_handle:
    565	04AB  A0 0000e			     mov     al,driver_class
    566	04AE  88 46 0D			     mov     _CH[bp],al
    567	04B1			     got_handle:
    568
    569	04B1  C7 46 0E 000B		     mov     _BX[bp],majver	     ;version
    570	04B6  A0 0000e			     mov     al,driver_type
Turbo Assembler	 Version 4.1	    06/02/26 07:01:08	    Page 11
head.ASM



    571	04B9  98			     cbw
    572	04BA  89 46 0A			     mov     _DX[bp],ax
    573	04BD  C6 46 0C 00		     mov     _CL[bp],0		     ;number zero.
    574	04C1  8C 5E 02			     mov     _DS[bp],ds		     ; point to	our name in their ds:si
    575	04C4  C7 46 08 0000e		     mov     _SI[bp],offset driver_name
    576	04C9  A0 0000e			     mov     al,driver_function
    577	04CC  88 46 10			     mov     _AL[bp],al
    578	04CF  F8			     clc
    579	04D0  C3			     ret
    580	04D1			     f_driver_info_1:
    581	04D1  F9			     stc
    582	04D2  C3			     ret
    583
    584
    585	04D3			     f_set_rcv_mode:
    586	04D3  E8 035B			     call    verify_handle
    587	04D6  3B 0E 03A4r		     cmp     cx,rcv_mode_num	     ;are we already using that	mode?
    588	04DA  74 25			     je	     f_set_rcv_mode_4	     ;yes, no need to check anything.
    589
    590	04DC  8B D3			     mov     dx,bx		     ;remember our handle.
    591
    592	04DE  E8 033E			     call    count_handles	     ;is ours the only open handle?
    593	04E1  80 F9 01			     cmp     cl,1
    594	04E4  75 1D			     jne     f_set_rcv_mode_1	     ;no, don't	change the receive mode.
    595
    596	04E6  8B 4E 0C			     mov     cx,_CX[bp]		     ;get the desired receive mode.
    597	04E9  3B 0E 0000e		     cmp     cx,rcv_modes	     ;do they have this	many modes?
    598	04ED  73 14			     jae     f_set_rcv_mode_1	     ;no - must	be a bad mode for us.
    599	04EF  8B D9			     mov     bx,cx
    600	04F1  03 DB			     add     bx,bx		     ;we're accessing words, not bytes.
    601	04F3  8B 87 0002e		     mov     ax,rcv_modes[bx]+2	     ;get the handler for this mode.
    602	04F7  0B C0			     or	     ax,ax		     ;do they have one?
    603	04F9  74 08			     je	     f_set_rcv_mode_1	     ;no - must	be a bad mode for us.
    604	04FB  89 0E 03A4r		     mov     rcv_mode_num,cx	     ;yes - remember the number	and
    605	04FF  FF D0			     call    ax			     ;	call it.
    606	0501			     f_set_rcv_mode_4:
    607	0501  F8			     clc
    608	0502  C3			     ret
    609	0503			     f_set_rcv_mode_1:
    610	0503  B6 08			     mov     dh,BAD_MODE
    611	0505  F9			     stc
    612	0506  C3			     ret
    613
    614
    615	0507			     f_get_rcv_mode:
    616	0507  E8 0327			     call    verify_handle
    617	050A  A1 03A4r			     mov     ax,rcv_mode_num	     ;return the current receive mode.
    618	050D  89 46 10			     mov     _AX[bp],ax
    619	0510  F8			     clc
    620	0511  C3			     ret
    621
    622
    623	0512			     f_set_multicast_list:
    624				     ;following	instruction not	needed because cx hasn't been changed.
    625				     ;	     mov     cx,_CX[bp]		     ;Tell them	how much room they have.
    626
    627				     ;verify that they supplied	an even	number of EADDR's.
Turbo Assembler	 Version 4.1	    06/02/26 07:01:08	    Page 12
head.ASM



    628	0512  8B C1			     mov     ax,cx
    629	0514  33 D2			     xor     dx,dx
    630	0516  BB 0006			     mov     bx,EADDR_LEN
    631	0519  F7 F3			     div     bx
    632	051B  0B D2			     or	     dx,dx		     ;zero remainder?
    633	051D  75 20			     jne     f_set_multicast_list_2  ;no, we don't have	an even	number of
    634									     ;	addresses.
    635
    636	051F  3D 0008			     cmp     ax,MAX_MULTICAST	     ;is this too many?
    637	0522  77 1F			     ja	     f_set_multicast_list_3  ;yes - return NO_SPACE
    638	0524			     f_set_multicast_list_1:
    639	0524  A3 034Ar			     mov     multicast_count,ax	     ;remember the number of addresses.
    640					     movseg  es,cs
1   641	0527  0E			     push    cs
1   642	0528  07			     pop     es
    643	0529  BF 0352r			     mov     di,offset multicast_addrs
    644	052C  1E			     push    ds
    645	052D  8E 5E 00			     mov     ds,_ES[bp]		     ; get ds:si -> new	list.
    646	0530  8B 76 06			     mov     si,_DI[bp]
    647	0533  51			     push    cx
    648	0534  F3> A4			     rep     movsb
    649	0536  59			     pop     cx
    650	0537  1F			     pop     ds
    651
    652	0538  BE 0352r			     mov     si,offset multicast_addrs
    653	053B  E8 0000e			     call    set_multicast_list
    654	053E  C3			     ret
    655	053F			     f_set_multicast_list_2:
    656	053F  B6 0E			     mov     dh,BAD_ADDRESS
    657	0541  F9			     stc
    658	0542  C3			     ret
    659	0543			     f_set_multicast_list_3:
    660	0543  B6 09			     mov     dh,NO_SPACE
    661	0545  F9			     stc
    662	0546  C3			     ret
    663
    664
    665	0547			     f_get_multicast_list:
    666	0547  8C 5E 00			     mov     _ES[bp],ds		     ;return what we have remembered.
    667	054A  C7 46 06 0352r		     mov     _DI[bp],offset multicast_addrs
    668	054F  B8 0006			     mov     ax,EADDR_LEN	     ;multiply the count by the	length.
    669	0552  F7 26 034Ar		     mul     multicast_count
    670	0556  89 46 0C			     mov     _CX[bp],ax		     ;because they want	total bytes.
    671	0559  F8			     clc
    672	055A  C3			     ret
    673
    674
    675	055B			     f_get_statistics:
    676	055B  E8 02D3			     call    verify_handle	     ;just in case.
    677	055E  8C 5E 02			     mov     _DS[bp],ds
    678	0561  C7 46 08 03B4r		     mov     _SI[bp],offset statistics_list
    679	0566  F8			     clc
    680	0567  C3			     ret
    681
    682
    683	0568			     access_type_class:
    684	0568  B6 02			     mov     dh,NO_CLASS
Turbo Assembler	 Version 4.1	    06/02/26 07:01:08	    Page 13
head.ASM



    685	056A  F9			     stc
    686	056B  C3			     ret
    687
    688	056C			     access_type_type:
    689	056C  B6 03			     mov     dh,NO_TYPE
    690	056E  F9			     stc
    691	056F  C3			     ret
    692
    693	0570			     access_type_number:
    694	0570  B6 04			     mov     dh,NO_NUMBER
    695	0572  F9			     stc
    696	0573  C3			     ret
    697
    698	0574			     access_type_bad:
    699	0574  B6 05			     mov     dh,ERR_BAD_TYPE
    700	0576  F9			     stc
    701	0577  C3			     ret
    702
    703				     ;register caller of pkt TYPE
    704	0578			     f_access_type:
    705	0578  BB 0000e			     mov     bx, offset	driver_class
    706	057B			     access_type_9:
    707	057B  8A 07			     mov     al, [bx]		     ;get the next class.
    708	057D  43			     inc     bx
    709	057E  0A C0			     or	     al,al		     ;end of the list?
    710	0580  74 E6			     je	     access_type_class	     ;class failed (story of my	life)
    711	0582  38 46 10			     cmp     _AL[bp],al		     ;our class?
    712	0585  75 F4			     jne     access_type_9	     ;no, try again
    713	0587			     access_type_1:
    714	0587  83 7E 0E FF		     cmp     _BX[bp],-1		     ;generic type?
    715	058B  74 09			     je	     access_type_2	     ;yes.
    716	058D  A0 0000e			     mov     al,driver_type
    717	0590  98			     cbw
    718	0591  39 46 0E			     cmp     _BX[bp],ax		     ;our type?
    719	0594  75 D6			     jne     access_type_type	     ;no.
    720	0596			     access_type_2:
    721	0596  80 7E 0A 00		     cmp     _DL[bp],0		     ;generic number?
    722	059A  74 06			     je	     access_type_3
    723	059C  80 7E 0A 01		     cmp     _DL[bp],1		     ;our number?
    724	05A0  75 CE			     jne     access_type_number
    725	05A2			     access_type_3:
    726	05A2  83 7E 0C 08		     cmp     _CX[bp],MAX_P_LEN	     ;is the type length too long?
    727	05A6  77 CC			     ja	     access_type_bad	     ;yes - can't be ours.
    728
    729				     ; now we do two things--look for an open handle, and check	the existing
    730				     ; handles to see if they're replicating a packet type.
    731
    732	05A8  BB 0246r			     mov     bx,offset handles
    733	05AB  33 D2			     xor     dx,dx		     ;keep the free handle here.
    734	05AD			     access_type_4:
    735	05AD  80 7F 02 00		     cmp     [bx].in_use,0	     ;is this handle in	use?
    736	05B1  74 21			     je	     access_type_5	     ;no.
    737	05B3  8A 46 10			     mov     al, _AL[bp]	     ;is this handle the same class as
    738	05B6  3A 47 19			     cmp     al, [bx].class	     ;	they're	want?
    739	05B9  75 1B			     jne     access_type_6	     ;no.
    740	05BB  8B 4E 0C			     mov     cx,_CX[bp]		     ;same length type?
    741	05BE  3B 4F 0B			     cmp     cx,[bx].packet_type_len
Turbo Assembler	 Version 4.1	    06/02/26 07:01:08	    Page 14
head.ASM



    742	05C1  75 13			     jne     access_type_6	     ;no.
    743	05C3  8E 46 02			     mov     es,_DS[bp]		     ;get a pointer to their type
    744	05C6  8B 7E 08			     mov     di,_SI[bp]		     ;	from their ds:si to our	es:di
    745	05C9  8D 77 03			     lea     si,[bx].packet_type
    746	05CC  F3> A6			     repe    cmpsb
    747	05CE  75 06			     jne     short access_type_6     ;go look at the next one.
    748	05D0  B6 0A			     mov     dh,TYPE_INUSE	     ;a	handle has been	assigned for TYPE
    749	05D2  F9			     stc			     ;and we can't assign another
    750	05D3  C3			     ret
    751	05D4			     access_type_5:			     ;handle is	not in use
    752	05D4  8B D3			     mov     dx,bx		     ;remember a free handle
    753	05D6			     access_type_6:
    754	05D6  83 C3 1A			     add     bx,(size per_handle)    ;go to the	next handle.
    755	05D9  81 FB 034Ar		     cmp     bx,offset end_handles   ;examined all handles?
    756	05DD  72 CE			     jb	     access_type_4	     ;no, continue.
    757
    758	05DF  8B DA			     mov     bx,dx		     ;did we find a free handle?
    759	05E1  0B DB			     or	     bx,bx
    760	05E3  74 42			     je	     access_type_space	     ;no - return error.
    761
    762	05E5  C6 47 02 01		     mov     [bx].in_use,1	     ;remember that we're using	it.
    763
    764	05E9  8B 46 06			     mov     ax,_DI[bp]		     ;remember the receiver type.
    765	05EC  89 47 0D			     mov     [bx].receiver.offs,ax
    766	05EF  8B 46 00			     mov     ax,_ES[bp]
    767	05F2  89 47 0F			     mov     [bx].receiver.segm,ax
    768
    769	05F5  1E			     push    ds
    770	05F6  8C D8			     mov     ax,ds
    771	05F8  8E C0			     mov     es,ax
    772	05FA  8E 5E 02			     mov     ds,_DS[bp]		     ;remember their type.
    773	05FD  8B 76 08			     mov     si,_SI[bp]
    774	0600  8B 4E 0C			     mov     cx,_CX[bp]
    775	0603  26: 89 4F	0B		     mov     es:[bx].packet_type_len,cx	     ; remember	the TYPE length
    776	0607  8D 7F 03			     lea     di,[bx].packet_type
    777	060A  F3> A4			     rep     movsb
    778
    779	060C  26: C5 77	0D		     lds     si,es:[bx].receiver     ;copy the first 8 bytes
    780	0610  8D 7F 11			     lea     di,[bx].receiver_sig    ; to the receiver signature.
    781	0613  B9 0004			     mov     cx,8/2
    782	0616  F3> A5			     rep     movsw
    783
    784	0618  1F			     pop     ds
    785
    786	0619  8A 46 10			     mov     al, _AL[bp]
    787	061C  88 47 19			     mov     [bx].class, al
    788
    789	061F  89 5E 10			     mov     _AX[bp],bx		     ;return the handle	to them.
    790
    791	0622  E8 001C			     call    sort_type_list	     ;keep the type_list sorted.
    792
    793	0625  F8			     clc
    794	0626  C3			     ret
    795
    796
    797	0627			     access_type_space:
    798	0627  B6 09			     mov     dh,NO_SPACE
Turbo Assembler	 Version 4.1	    06/02/26 07:01:08	    Page 15
head.ASM



    799	0629  F9			     stc
    800	062A  C3			     ret
    801
    802	062B			     f_release_type:
    803	062B  E8 0203			     call    verify_handle	     ;mark this	handle as being	unused.
    804	062E  C6 47 02 00		     mov     [bx].in_use,0
    805
    806	0632  E8 000C			     call    sort_type_list	     ;keep the type_list sorted.
    807
    808	0635  E8 01E7			     call    count_handles	     ;All handles gone now?
    809	0638  80 F9 00			     cmp     cl,0
    810	063B  75 00			     jne     f_release_type_1	     ;no, don't	change the receive mode.
    811
    812	063D			     f_release_type_1:
    813	063D  F8			     clc
    814	063E  C3			     ret
    815
    816
    817	063F  0000		     type_list	     dw	     0
    818
    819	0641			     sort_type_list:
    820				     ;we get called after every	call to	f_access_type and f_release_type.
    821				     ;we build a linked	list out of per_handle entries,	sorted by decreasing
    822				     ;	order of packet_type_len values.
    823	0641  C7 06 063Fr 0000		     mov     type_list.next_type,0   ;there are	none as	yet.
    824	0647  BB 0246r			     mov     bx,offset handles
    825	064A			     sort_type_list_1:
    826	064A  80 7F 02 00		     cmp     [bx].in_use,0	     ;is this one in use?
    827	064E  74 1D			     je	     sort_type_list_2	     ;yes.
    828
    829				     ;we do an insertion sort here, using si->current and di->next.  We
    830				     ;insert this newly	found handle into the linked list just before the
    831				     ;place where we find a packet_type_len that's not more specific than us.
    832	0650  BF 063Fr			     mov     di,offset type_list     ;start with the head as the next.
    833	0653  8B 47 0B			     mov     ax,[bx].packet_type_len ;look for the first length	<= ours.
    834	0656  EB 09			     jmp     short sort_type_list_5  ;jump into	the middle of the list.
    835	0658			     sort_type_list_3:
    836	0658  0B FF			     or	     di,di		     ;are there	no more	to look	at?
    837	065A  74 0B			     je	     sort_type_list_4	     ;yes, insert it here.
    838	065C  39 45 0B			     cmp     [di].packet_type_len,ax ;is this length less than ours?
    839	065F  76 06			     jbe     sort_type_list_4
    840	0661			     sort_type_list_5:
    841	0661  8B F7			     mov     si,di		     ;go to the	next entry.
    842	0663  8B 3C			     mov     di,[si].next_type	     ;keep di pointing to the next one.
    843	0665  EB F1			     jmp     sort_type_list_3
    844	0667			     sort_type_list_4:
    845	0667  8B 04			     mov     ax,[si].next_type
    846	0669  89 07			     mov     [bx].next_type,ax
    847	066B  89 1C			     mov     [si].next_type,bx
    848				     ;end of the insertion sort.
    849
    850	066D			     sort_type_list_2:
    851	066D  83 C3 1A			     add     bx,(size per_handle)    ;go to the	next handle.
    852	0670  81 FB 034Ar		     cmp     bx,offset end_handles   ;examined all handles?
    853	0674  72 D4			     jb	     sort_type_list_1
    854	0676  C3			     ret
    855
Turbo Assembler	 Version 4.1	    06/02/26 07:01:08	    Page 16
head.ASM



    856
    857	0677			     f_send_pkt:
    858				     ;ds:si -> buffer, cx = length
    859				     ; XXX Should re-enable interrupts here, but some drivers are broken.
    860				     ; Possibly	re-enable interrupts.
    861				     ;	     test _F[bp], EI	     ; Were interrupts enabled on pkt driver entry?
    862				     ;	     je	     f_send_pkt_1    ; No.
    863				     ;	     sti		     ; Yes, re-enable interrupts now.
    864				     ;f_send_pkt_1:
    865
    866				     ;following	two instructions not needed because si and cx haven't been changed.
    867				     ;	     mov     si,_SI[bp]
    868				     ;	     mov     cx,_CX[bp]	     ; count of	bytes in the packet.
    869					     add2    packets_out,1
1   870	0677  83 06 03B8r 01		     add     packets_out.offs,1		     ;increment	the low	word
1   871	067C  83 16 03BAr 00		     adc     packets_out.segm,0		     ;increment	the high word
    872					     add2    bytes_out,cx	     ;add up the received bytes.
1   873	0681  01 0E 03C0r		     add     bytes_out.offs,cx		     ;increment	the low	word
1   874	0685  83 16 03C2r 00		     adc     bytes_out.segm,0		     ;increment	the high word
    875
    876	068A  8E 5E 02			     mov     ds,_DS[bp]	     ; address of buffer from caller's ds.
    877					     assume  ds:nothing, es:nothing
    878
    879				     ; If -n option take Ethernet encapsulated Novell IPX packets (from	BYU's
    880				     ; PDSHELL)	and change them	to be IEEE 802.3 encapsulated.
    881	      =000C		     EPROT_OFF	     equ     EADDR_LEN*2
    882	068D  2E: F6 06	0210r 04	     test    cs:flagbyte,N_OPTION
    883	0693  75 04			     jnz     f_send_pkt_2
    884	0695  E8 0000e			     call    send_pkt
    885	0698  C3			     ret
    886
    887	0699			     f_send_pkt_2:
    888	0699  81 7C 0C 3781		     cmp     word ptr ds:[si].EPROT_OFF,3781h ;	if not Novell (prot 8137)
    889	069E  75 0F			     jne     f_send_pkt_3	     ;	don't tread on it
    890	06A0  50			     push    ax			     ; get scratch reg
    891	06A1  8B 44 10			     mov     ax,[si].EPROT_OFF+4     ; get len
    892	06A4  86 E0			     xchg    ah,al
    893	06A6  40			     inc     ax			     ; make even (rounding up)
    894	06A7  24 FE			     and     al,0feh
    895	06A9  86 E0			     xchg    ah,al
    896	06AB  89 44 0C			     mov     ds:[si].EPROT_OFF,ax    ; save in prot field
    897	06AE  58			     pop     ax			     ; restore old contents
    898	06AF			     f_send_pkt_3:
    899	06AF  E8 0000e			     call    send_pkt
    900	06B2  C3			     ret
    901					     assume  ds:code
    902
    903
    904	06B3			     f_as_send_pkt:
    905				     ;es:di -> iocb.
    906	06B3  F6 06 0000e 04		     test    driver_function,4	     ; is this a high-performance driver?
    907	06B8  74 2C			     je	     f_as_send_pkt_2	     ; no.
    908				     ; Possibly	re-enable interrupts.
    909	06BA  F7 46 16 0200		     test _F[bp], EI		     ; Were interrupts enabled on pkt driver entry?
    910	06BF  74 01			     je	     f_as_send_pkt_1	     ; No.
    911	06C1  FB			     sti			     ; Yes, re-enable interrupts now.
    912	06C2			     f_as_send_pkt_1:
Turbo Assembler	 Version 4.1	    06/02/26 07:01:08	    Page 17
head.ASM



    913	06C2  1E			     push    ds			     ; set up proper ds	for the	buffer
    914	06C3  26: C5 35			     lds     si,es:[di].buffer	     ; ds:si ->	buffer
    915					     assume  ds:nothing
    916	06C6  26: 8B 4D	04		     mov     cx,es:[di].len	     ; cx = length
    917					     add2    packets_out,1
1   918	06CA  2E: 83 06	03B8r 01	     add     packets_out.offs,1		     ;increment	the low	word
1   919	06D0  2E: 83 16	03BAr 00	     adc     packets_out.segm,0		     ;increment	the high word
    920					     add2    bytes_out,cx	     ; add up the received bytes.
1   921	06D6  2E: 01 0E	03C0r		     add     bytes_out.offs,cx		     ;increment	the low	word
1   922	06DB  2E: 83 16	03C2r 00	     adc     bytes_out.segm,0		     ;increment	the high word
    923
    924				     ;ds:si -> buffer, cx = length, es:di -> iocb.
    925	06E1  E8 0000e			     call    as_send_pkt
    926	06E4  1F			     pop     ds
    927					     assume  ds:code
    928	06E5  C3			     ret
    929	06E6			     f_as_send_pkt_2:
    930	06E6  B6 0B			     mov dh, BAD_COMMAND	     ; return an error.
    931	06E8  F9			     stc
    932	06E9  C3			     ret
    933
    934
    935	06EA			     f_drop_pkt:
    936				     ; es:di ->	iocb.
    937	06EA  F6 06 0000e 04		     test    driver_function,4	     ; is this a high-performance driver?
    938	06EF  74 F5			     je	     f_as_send_pkt_2	     ; no.
    939	06F1  1E			     push    ds			     ; Preserve	ds
    940	06F2  BE 03ACr			     mov     si,offset send_head     ; Get head	offset
    941	06F5			     dp_loop:
    942	06F5  8B 04			     mov     ax,ds:[si]		     ; Get offset
    943	06F7  8B 54 02			     mov     dx,ds:[si+2]	     ; Get segment
    944	06FA  8B D8			     mov     bx,ax
    945	06FC  0B DA			     or	     bx,dx		     ; End of list?
    946	06FE  74 22			     je	     dp_endlist		     ; Yes
    947	0700  3B C7			     cmp     ax,di		     ; Offsets equal?
    948	0702  75 15			     jne     dp_getnext		     ; No
    949	0704  8C C3			     mov     bx,es
    950	0706  3B D3			     cmp     dx,bx		     ; Segments	equal?
    951	0708  75 0F			     jne     dp_getnext		     ; No
    952	070A  E8 0000e			     call    drop_pkt		     ; Pass to driver
    953	070D  26: C4 7D	0C		     les     di,es:[di].next	     ; Get next	segment:offset
    954	0711  89 3C			     mov     ds:[si],di		     ; Set next	offset
    955	0713  8C 44 02			     mov     ds:[si+2],es	     ; Set next	segment
    956	0716  1F			     pop     ds			     ; Restore ds
    957	0717  F8			     clc
    958	0718  C3			     ret
    959	0719			     dp_getnext:
    960	0719  8E DA			     mov     ds,dx		     ; Get next	segment
    961	071B  8B F0			     mov     si,ax		     ; Get next	iocb offset
    962	071D  8D 74 0C			     lea     si,ds:[si].next	     ; Get next	iocb next ptr offset
    963	0720  EB D3			     jmp     dp_loop		     ; Try again
    964	0722			     dp_endlist:
    965	0722  1F			     pop     ds			     ; Restore ds
    966	0723  B6 10			     mov     dh,BAD_IOCB	     ; Return error
    967	0725  F9			     stc			     ; Set carry
    968	0726  C3			     ret
    969
Turbo Assembler	 Version 4.1	    06/02/26 07:01:08	    Page 18
head.ASM



    970
    971	0727			     f_terminate:
    972	0727  E8 0107			     call    verify_handle	     ; must have a handle
    973
    974	072A  C6 47 02 00		     mov     [bx].in_use,0	     ; mark handle as free
    975	072E  E8 00EE			     call    count_handles	     ; all handles gone?
    976	0731  0A C9			     or	     cl,cl
    977	0733  75 50			     jne     f_terminate_4	     ; no, can't exit completely
    978
    979				     ;
    980				     ; Now disable interrupts
    981				     ;
    982	0735  A0 0000e			     mov     al,int_no
    983	0738  0A C0			     or	     al,al		     ;are they using a hardware	interrupt?
    984	073A  74 1F			     je	     f_terminate_no_irq	     ;no.
    985	073C  80 3E 0211r 00		     cmp     original_mask,0	     ;was it enabled?
    986	0741  74 03			     je	     f_terminate_no_mask     ;yes, don't mask it now.
    987	0743  E8 0213			     call    maskint
    988	0746			     f_terminate_no_mask:
    989
    990				     ;
    991				     ; Now return the interrupt	to their handler.
    992				     ;
    993	0746  B4 25			     mov     ah,25h		     ;get the old interrupt into es:bx
    994	0748  A0 0000e			     mov     al,int_no
    995	074B  04 08			     add     al,8
    996	074D  3C 10			     cmp     al,8+8		     ;is it a slave 8259 interrupt?
    997	074F  72 02			     jb	     f_terminate_3	     ;no.
    998	0751  04 60			     add     al,70h - (8+8)	     ;map it to	the real interrupt.
    999	0753			     f_terminate_3:
   1000	0753  1E			     push    ds
   1001	0754  C5 16 03D8r		     lds     dx,their_recv_isr
   1002	0758  CD 21			     int     21h
   1003	075A  1F			     pop     ds
   1004
   1005	075B			     f_terminate_no_irq:
   1006	075B  83 3E 03D6r 00		     cmp     their_timer.segm,0	     ;did we hook the timer interrupt?
   1007	0760  74 0B			     je	     f_terminate_no_timer
   1008
   1009	0762  B8 2508			     mov     ax,2508h		     ;restore the timer	interrupt.
   1010	0765  1E			     push    ds
   1011	0766  C5 16 03D4r		     lds     dx,their_timer
   1012	076A  CD 21			     int     21h
   1013	076C  1F			     pop     ds
   1014
   1015	076D			     f_terminate_no_timer:
   1016
   1017	076D  E8 0000e			     call    terminate		     ;terminate	the hardware.
   1018
   1019	0770  A0 0208r			     mov     al,entry_point  ;release our_isr.
   1020	0773  B4 25			     mov     ah,25h
   1021	0775  1E			     push    ds
   1022	0776  C5 16 03DCr		     lds     dx,their_isr
   1023	077A  CD 21			     int     21h
   1024	077C  1F			     pop     ds
   1025
   1026				     ;
Turbo Assembler	 Version 4.1	    06/02/26 07:01:08	    Page 19
head.ASM



   1027				     ; Now free	our memory
   1028				     ;
   1029					     movseg  es,cs
1  1030	077D  0E			     push    cs
1  1031	077E  07			     pop     es
   1032	077F  B4 49			     mov     ah,49h
   1033	0781  CD 21			     int     21h
   1034	0783  F8			     clc
   1035	0784  C3			     ret
   1036	0785			     f_terminate_4:
   1037	0785  B6 07			     mov     dh, CANT_TERMINATE
   1038	0787  F9			     stc
   1039	0788  C3			     ret
   1040
   1041
   1042	0789			     f_get_address:
   1043				     ;	     call    verify_handle
   1044				     ;	     mov     es,_ES[bp]		     ; get new one
   1045				     ;	     mov     di,_DI[bp]		     ; get pointer, es:di is ready
   1046				     ;	     mov     cx,_CX[bp]		     ;Tell them	how much room they have.
   1047	0789  3B 0E 0382r		     cmp     cx,address_len	     ;is there enough room for our address?
   1048	078D  72 0E			     jb	     get_address_space	     ;no.
   1049	078F  8B 0E 0382r		     mov     cx,address_len	     ;yes - get	our address length.
   1050	0793  89 4E 0C			     mov     _CX[bp],cx		     ;Tell them	how long our address is.
   1051	0796  BE 0394r			     mov     si,offset my_address    ;copy it into their area.
   1052	0799  F3> A4			     rep     movsb
   1053	079B  F8			     clc
   1054	079C  C3			     ret
   1055
   1056	079D			     get_address_space:
   1057	079D  B6 09			     mov     dh,NO_SPACE
   1058	079F  F9			     stc
   1059	07A0  C3			     ret
   1060
   1061
   1062	07A1			     f_set_address:
   1063	07A1  E8 007B			     call    count_handles
   1064	07A4  80 F9 01			     cmp     cl,1		     ;more than	one handle in use?
   1065	07A7  77 33			     ja	     f_set_address_inuse     ;yes - we can't set the address
   1066
   1067	07A9  8B 4E 0C			     mov     cx,_CX[bp]		     ;get the desired address length.
   1068	07AC  80 FD 00			     cmp     ch,0
   1069	07AF  3A 0E 0003e		     cmp     cl,parameter_list[3]    ;is it the	right length?
   1070	07B3  77 2B			     ja	     f_set_address_too_long  ;no.
   1071
   1072	07B5  8E 5E 00			     mov     ds,_ES[bp]		     ; set new one
   1073					     assume  ds:nothing
   1074	07B8  8B 76 06			     mov     si,_DI[bp]		     ; set pointer, ds:si is ready
   1075	07BB  8C C8			     mov     ax,cs
   1076	07BD  8E C0			     mov     es,ax
   1077	07BF  BF 0394r			     mov     di,offset my_address
   1078	07C2  F3> A4			     rep     movsb
   1079	07C4  8E D8			     mov     ds,ax		     ;restore ds.
   1080					     assume  ds:code
   1081
   1082	07C6  8B 4E 0C			     mov     cx,_CX[bp]		     ;get the desired address length.
   1083	07C9  BE 0394r			     mov     si,offset my_address
Turbo Assembler	 Version 4.1	    06/02/26 07:01:08	    Page 20
head.ASM



   1084	07CC  E8 0000e			     call    set_address
   1085	07CF  72 13			     jc	     f_set_address_err	     ;Did it work?
   1086
   1087	07D1  8A 0E 0003e		     mov     cl,parameter_list[3]
   1088	07D5  32 ED			     xor     ch,ch
   1089	07D7  89 4E 0C			     mov     _CX[bp],cx		     ;yes - return our address length.
   1090
   1091	07DA  F8			     clc
   1092	07DB  C3			     ret
   1093	07DC			     f_set_address_inuse:
   1094	07DC  B6 0D			     mov     dh,CANT_SET
   1095	07DE  F9			     stc
   1096	07DF  C3			     ret
   1097	07E0			     f_set_address_too_long:
   1098	07E0  B6 09			     mov     dh,NO_SPACE
   1099	07E2  F9			     stc
   1100	07E3  C3			     ret
   1101	07E4			     f_set_address_err:
   1102				     ;we get here with cy set -	leave it set.
   1103	07E4  BE 0384r			     mov     si,offset rom_address   ;we can't set the address,	restore
   1104	07E7  BF 0394r			     mov     di,offset my_address    ;	to original.
   1105	07EA  B9 0008			     mov     cx,MAX_ADDR_LEN/2
   1106	07ED  F3> A5			     rep     movsw
   1107	07EF  C3			     ret
   1108
   1109
   1110	07F0			     f_reset_interface:
   1111	07F0  E8 003E			     call    verify_handle
   1112	07F3  E8 0000e			     call    reset_interface
   1113	07F6  F8			     clc
   1114	07F7  C3			     ret
   1115
   1116
   1117				     ; Stop the	packet driver doing upcalls. Also a following terminate	will
   1118				     ; always succed (no in use	handles	any longer).
   1119	07F8			     f_stop:
   1120	07F8  BB 0246r			     mov     bx,offset handles
   1121	07FB			     f_stop_2:
   1122	07FB  C6 47 02 00		     mov     [bx].in_use,0
   1123	07FF  83 C3 1A			     add     bx,(size per_handle)    ; next handle
   1124	0802  81 FB 034Ar		     cmp     bx,offset end_handles
   1125	0806  72 F3			     jb	     f_stop_2
   1126	0808  F8			     clc
   1127	0809  C3			     ret
   1128
   1129
   1130	080A			     f_get_parameters:
   1131				     ;strictly speaking, this function only works for high-performance drivers.
   1132	080A  F6 06 0000e 04		     test    driver_function,4	     ;is this a	high-performance driver?
   1133	080F  75 04			     jne     f_get_parameters_1	     ;yes.
   1134	0811  B6 0B			     mov     dh,BAD_COMMAND	     ;no - return an error.
   1135	0813  F9			     stc
   1136	0814  C3			     ret
   1137	0815			     f_get_parameters_1:
   1138	0815  8C 4E 00			     mov     _ES[bp],cs
   1139	0818  C7 46 06 0000e		     mov     _DI[bp],offset parameter_list
   1140	081D  F8			     clc
Turbo Assembler	 Version 4.1	    06/02/26 07:01:08	    Page 21
head.ASM



   1141	081E  C3			     ret
   1142
   1143
   1144	081F			     count_handles:
   1145				     ;exit with	cl = number of handles currently in use.
   1146	081F  BB 0246r			     mov     bx,offset handles
   1147	0822  B1 00			     mov     cl,0		     ;number of	handles	in use.
   1148	0824			     count_handles_1:
   1149	0824  02 4F 02			     add     cl,[bx].in_use	     ;is this handle in	use?
   1150	0827  83 C3 1A			     add     bx,(size per_handle)    ;go to the	next handle.
   1151	082A  81 FB 034Ar		     cmp     bx,offset end_handles
   1152	082E  72 F4			     jb	     count_handles_1
   1153	0830  C3			     ret
   1154
   1155
   1156	0831			     verify_handle:
   1157				     ;Ensure that their	handle is real.	 If it isn't, we pop off our return
   1158				     ;address, and return to *their* return address with cy set.
   1159	0831  8B 5E 0E			     mov     bx,_BX[bp]		     ;get the handle they gave us
   1160	0834  81 FB 0246r		     cmp     bx,offset handles
   1161	0838  72 0D			     jb	     verify_handle_bad	     ;no - must	be bad.
   1162	083A  81 FB 034Ar		     cmp     bx,offset end_handles
   1163	083E  73 07			     jae     verify_handle_bad	     ;no - must	be bad.
   1164	0840  80 7F 02 01		     cmp     [bx].in_use,1	     ;if it's not in use, it's bad.
   1165	0844  75 01			     jne     verify_handle_bad
   1166	0846  C3			     ret
   1167	0847			     verify_handle_bad:
   1168	0847  B6 01			     mov     dh,ERR_BAD_HANDLE
   1169	0849  83 C4 02			     add     sp,2		     ;pop off our return address.
   1170	084C  F9			     stc
   1171	084D  C3			     ret
   1172
   1173
   1174					     public  set_recv_isr
   1175	084E			     set_recv_isr:
   1176	084E  B4 35			     mov     ah,35h		     ;get the old interrupt into es:bx
   1177	0850  A0 0000e			     mov     al,int_no		     ; board's interrupt vector
   1178	0853  0A C0			     or	     al,al
   1179	0855  74 3D			     je	     set_isr_no_irq
   1180	0857  04 08			     add     al,8
   1181	0859  3C 10			     cmp     al,8+8		     ;is it a slave 8259 interrupt?
   1182	085B  72 02			     jb	     set_recv_isr_1	     ;no.
   1183	085D  04 60			     add     al,70h - 8	- 8	     ;map it to	the real interrupt.
   1184	085F			     set_recv_isr_1:
   1185	085F  CD 21			     int     21h
   1186	0861  89 1E 03D8r		     mov     their_recv_isr.offs,bx  ;remember the old seg:off.
   1187	0865  8C 06 03DAr		     mov     their_recv_isr.segm,es
   1188
   1189	0869  B4 25			     mov     ah,25h		     ;now set our recv interrupt.
   1190	086B  BA 08B0r			     mov     dx,offset recv_isr
   1191	086E  CD 21			     int     21h
   1192
   1193	0870  80 3E 0000e CF		     cmp     byte ptr timer_isr,0cfh ;is there just an iret at their handler?
   1194	0875  74 14			     je	     set_isr_no_timer	     ;yes, don't bother	hooking	the timer.
   1195
   1196	0877  B8 3508			     mov     ax,3508h		     ;get the old interrupt into es:bx
   1197	087A  CD 21			     int     21h
Turbo Assembler	 Version 4.1	    06/02/26 07:01:08	    Page 22
head.ASM



   1198	087C  89 1E 03D4r		     mov     their_timer.offs,bx     ;remember the old seg:off.
   1199	0880  8C 06 03D6r		     mov     their_timer.segm,es
   1200
   1201	0884  B4 25			     mov     ah,25h		     ;now set our recv interrupt.
   1202	0886  BA 0000e			     mov     dx,offset timer_isr
   1203	0889  CD 21			     int     21h
   1204
   1205	088B			     set_isr_no_timer:
   1206	088B  A0 0000e			     mov     al,int_no		     ; Now enable interrupts
   1207	088E  E8 00EB			     call    unmaskint
   1208	0891  A2 0211r			     mov     original_mask,al
   1209
   1210	0894			     set_isr_no_irq:
   1211	0894  C3			     ret
   1212
   1213					     public  count_in_err
   1214	0895			     count_in_err:
   1215					     assume  ds:nothing
   1216					     add2    errors_in,1
1  1217	0895  2E: 83 06	03C4r 01	     add     errors_in.offs,1		     ;increment	the low	word
1  1218	089B  2E: 83 16	03C6r 00	     adc     errors_in.segm,0		     ;increment	the high word
   1219	08A1  C3			     ret
   1220
   1221					     public  count_out_err
   1222	08A2			     count_out_err:
   1223					     assume  ds:nothing
   1224					     add2    errors_out,1
1  1225	08A2  2E: 83 06	03C8r 01	     add     errors_out.offs,1		     ;increment	the low	word
1  1226	08A8  2E: 83 16	03CAr 00	     adc     errors_out.segm,0		     ;increment	the high word
   1227	08AE  C3			     ret
   1228
   1229	*8AF			     recv_isr_frame  struc
   1230	*000  01*(????)		     recv_isr_ds     dw	     ?
   1231	*002  01*(????)		     recv_isr_dx     dw	     ?
   1232	*004  01*(????)		     recv_isr_ax     dw	     ?
   1233	*006  01*(????)		     recv_isr_ip     dw	     ?
   1234	*008  01*(????)		     recv_isr_cs     dw	     ?
   1235	*00A  01*(????)		     recv_isr_f	     dw	     ?
   1236	*00C			     recv_isr_frame  ends
   1237
   1238				     ;
   1239				     ; I have had a problem with some hardware which under extreme LAN loading
   1240				     ; conditions will re-enter	the recv_isr. Since the	8259 interrupts	for
   1241				     ; the card	are masked off,	and the	card's interrupt mask register is
   1242				     ; cleared (in 8390.asm at least) disabling	the card from interrupting, this
   1243				     ; is clearly a hardware problem. Due to the low frequencey	of occurance, and
   1244				     ; extreme conditions under	which this happens, it is not lilely to	be fixed
   1245				     ; in hardware any time soon, plus retrofitting of hardware	in the field will
   1246				     ; not happen. To protect the driver from the adverse effects of this I am
   1247				     ; adding a	simple re-entrancy trap	here.  - gft - 910617
   1248				     ;
   1249
   1250	08AF  00		     in_recv_isr     db	     0	     ; flag to trap re-entrancy
   1251
   1252	08B0			     recv_isr:
   1253	08B0  2E: 80 3E	08AFr 00	     cmp     in_recv_isr, 0
   1254	08B6  75 64			     jne     recv_iret
Turbo Assembler	 Version 4.1	    06/02/26 07:01:08	    Page 23
head.ASM



   1255
   1256	08B8  2E: C6 06	08AFr 01	     mov     in_recv_isr, 1
   1257
   1258				     ; I realize this re-entrancy trap is not perfect, you could be re-entered
   1259				     ; anytime before the above	instruction. However since the stacks have not
   1260				     ; been swapped re-entrancy	here will only appear to be a spurious interrupt.
   1261				     ; - gft - 910617
   1262
   1263				     ; In order	to achieve back-to-back	packet transmissions, we handle	the
   1264				     ; latency-critical	portion	of transmit interrupts first.  The xmit
   1265				     ; interrupt routine should	only start the next transmission, but do
   1266				     ; no other	work.  It may only touch ax and	dx (the	only register necessary
   1267				     ; for doing "out" instructions) unless it first pushes any	other registers
   1268				     ; itself.
   1269	08BE  50			     push    ax
   1270	08BF  52			     push    dx
   1271	08C0  E8 0000e			     call    xmit
   1272
   1273				     ; Now switch stacks, push remaining registers, and	do remaining interrupt work.
   1274	08C3  1E			     push    ds
   1275	08C4  8C C8			     mov     ax,cs		     ;ds = cs.
   1276	08C6  8E D8			     mov     ds,ax
   1277					     assume  ds:code
   1278
   1279	08C8  89 26 03D0r		     mov     savesp,sp
   1280	08CC  8C 16 03D2r		     mov     savess,ss
   1281
   1282	08D0  8E D0			     mov     ss,ax
   1283	08D2  BC 0208r			     mov     sp,offset our_stack
   1284	08D5  FC			     cld
   1285
   1286	08D6  53			     push    bx
   1287	08D7  51			     push    cx
   1288	08D8  56			     push    si
   1289	08D9  57			     push    di
   1290	08DA  55			     push    bp
   1291	08DB  06			     push    es
   1292
   1293				     ; The following comment is	wrong in that we now do	a specific EOI command,
   1294				     ; and because we don't enable interrupts (even though we should).
   1295
   1296				     ; Chips & Technologies 8259 clone chip seems to be	very broken.  If you
   1297				     ; send it a Non Specific EOI command, it clears all In Service Register
   1298				     ; bits instead of just the	one with the highest priority (as the Intel
   1299				     ; chip does and clones should do).	 This bug causes our interrupt
   1300				     ; routine to be reentered if: 1. we reenable processor interrupts;
   1301				     ; 2. we reenable device interrupts; 3. a timer or other higher priority
   1302				     ; device interrupt	now comes in; 4. the new interrupting device uses
   1303				     ; a Non Specific EOI; 5. our device interrupts again.  Because of
   1304				     ; this bug, we now	completely mask	our interrupts around the call
   1305				     ; to "recv", the real device interrupt handler.  This allows us
   1306				     ; to send an EOI instruction to the 8259 early, before we actually
   1307				     ; reenable	device interrupts.  Since the interrupt	is masked, we
   1308				     ; are still guaranteed not	to get another interrupt from our device
   1309				     ; until the interrupt handler returns.  This has another benefit:
   1310				     ; we now no longer	prevent	other devices from interrupting	while our
   1311				     ; interrupt handler is running.  This is especially useful	if we have
Turbo Assembler	 Version 4.1	    06/02/26 07:01:08	    Page 24
head.ASM



   1312				     ; other (multiple)	packet drivers trying to do low-latency	transmits.
   1313	08DC  A0 0000e			     mov     al,int_no	     ; Disable further device interrupts
   1314	08DF  E8 0077			     call    maskint
   1315
   1316				     ; The following is	from Bill Rust,	<wjr@ftp.com>
   1317				     ; this code dismisses the interrupt at the	8259. if the interrupt number
   1318				     ;	is > 8 then it requires	fondling two PICs instead of just one.
   1319	08E2  A0 0000e			     mov     al, int_no	     ; get hardware int	#
   1320	08E5  0A C0			     or	     al,al	     ; if it's zero, then there	is no IRQ to ack.
   1321	08E7  74 12			     je	     recv_isr_3	     ; so skip the EOI processing.
   1322	08E9  3C 08			     cmp     al, 8	     ; see if its on secondary PIC
   1323	08EB  7F 06			     jg	     recv_isr_4
   1324	08ED  04 60			     add     al, 60h	     ; make specific EOI dismissal
   1325	08EF  E6 20			     out     20h, al
   1326	08F1  EB 08			     jmp     short recv_isr_3	     ; all done
   1327	08F3			     recv_isr_4:
   1328	08F3  04 58			     add     al,60h - 8	     ; make specific EOI (# between 9 &	15).
   1329	08F5  E6 A0			     out     0a0h,al	     ; Secondary 8259 (PC/AT only)
   1330	08F7  B0 62			     mov     al,62h	     ; Acknowledge on primary 8259.
   1331	08F9  E6 20			     out     20h,al
   1332	08FB			     recv_isr_3:
   1333
   1334				     ;	     sti			     ; Interrupts are now completely safe
   1335	08FB  E8 0000e			     call    recv
   1336
   1337	08FE  FA			     cli			     ;interrupts *must*	be off between
   1338									     ;here and the stack restore, because
   1339									     ;if we have one of	our interrupts
   1340									     ;pending, we would	trash our stack.
   1341
   1342	08FF  A0 0000e			     mov     al,int_no	     ; Now reenable device interrupts
   1343	0902  E8 0077			     call    unmaskint
   1344
   1345	0905  07			     pop     es
   1346	0906  5D			     pop     bp
   1347	0907  5F			     pop     di
   1348	0908  5E			     pop     si
   1349	0909  59			     pop     cx
   1350	090A  5B			     pop     bx
   1351
   1352	090B  8E 16 03D2r		     mov     ss,savess
   1353	090F  8B 26 03D0r		     mov     sp,savesp
   1354
   1355	0913  1F			     pop     ds
   1356					     assume  ds:nothing
   1357	0914  5A			     pop     dx
   1358	0915  58			     pop     ax
   1359	0916  2E: C6 06	08AFr 00	     mov     in_recv_isr, 0  ; clear the re-entrancy flag - gft	- 901617
   1360	091C			     recv_iret:
   1361	091C  CF			     iret
   1362
   1363	091D  00		     recv_exiting_flag	     db	     0	     ;nonzero if recv_exiting will be run.
   1364	091E  ????????		     recv_exiting_addr	     dd	     ?
   1365
   1366					     public  schedule_exiting
   1367	0922			     schedule_exiting:
   1368				     ;call this	routine	to schedule a subroutine that gets run after the
Turbo Assembler	 Version 4.1	    06/02/26 07:01:08	    Page 25
head.ASM



   1369				     ;recv_isr.	 This is done by stuffing routine's address in place
   1370				     ;of the recv_isr iret's address.  This routine should push	the flags when it
   1371				     ;is entered, and should jump to recv_exiting_exit to leave.
   1372				     ;enter with ax = address of routine to run.
   1373	0922  2E: 80 3E	091Dr 00	     cmp     recv_exiting_flag,0     ;is it already scheduled?
   1374	0928  75 1C			     jne     schedule_exiting_1	     ;yes, don't do it again!
   1375	092A  2E: FE 06	091Dr		     inc     recv_exiting_flag	     ;set the flag.
   1376	092F  2E: C4 3E	03D0r		     les     di,savespss	     ;make es:di -> their stack.
   1377	0934  26: 87 45	06		     xchg    ax,es:[di].recv_isr_ip  ;stuff our	routine's address in,
   1378	0938  2E: A3 091Er		     mov     recv_exiting_addr.offs,ax	     ;and save the original address.
   1379	093C  8C C8			     mov     ax,cs
   1380	093E  26: 87 45	08		     xchg    ax,es:[di].recv_isr_cs
   1381	0942  2E: A3 0920r		     mov     recv_exiting_addr.segm,ax
   1382	0946			     schedule_exiting_1:
   1383	0946  C3			     ret
   1384
   1385					     public  recv_exiting_exit
   1386	0947			     recv_exiting_exit:
   1387				     ;recv_exiting jumps here to exit, after pushing the flags.
   1388	0947  FA			     cli			     ;protect the following semaphore.
   1389	0948  2E: C6 06	091Dr 00	     mov     recv_exiting_flag,0
   1390	094E  2E: FF 36	0920r		     push    recv_exiting_addr.segm
   1391	0953  2E: FF 36	091Er		     push    recv_exiting_addr.offs
   1392	0958  CF			     iret
   1393
   1394
   1395					     public  maskint
   1396	0959			     maskint:
   1397	0959  0A C0			     or	     al,al		     ;are they using a hardware	interrupt?
   1398	095B  74 1E			     je	     maskint_1		     ;no, don't	mask off the timer!
   1399
   1400					     assume  ds:code
   1401	095D  BA 0021			     mov     dx,21h		     ;assume the master	8259.
   1402	0960  3C 08			     cmp     al,8		     ;using the	slave 8259 on an AT?
   1403	0962  72 05			     jb	     mask_not_irq2
   1404	0964  BA 00A1			     mov     dx,0a1h		     ;go disable it on slave 8259
   1405	0967  2C 08			     sub     al,8
   1406	0969			     mask_not_irq2:
   1407	0969  8A C8			     mov     cl,al
   1408
   1409	096B  EC			     in	     al,dx		     ;disable them on the correct 8259.
   1410	096C  B4 01			     mov     ah,1		     ;set the bit.
   1411	096E  D2 E4			     shl     ah,cl
   1412	0970  0A C4			     or	     al,ah
   1413				     ;
   1414				     ; 500ns Stall required here, per INTEL documentation for eisa machines
   1415				     ; - gft - 910617
   1416				     ;
   1417	0972  50			     push    ax
   1418	0973  E4 61			     in	     al,61h  ; 1.5 - 3 uS should be plenty
   1419	0975  E4 61			     in	     al,61h
   1420	0977  E4 61			     in	     al,61h
   1421	0979  58			     pop     ax
   1422	097A  EE			     out     dx,al
   1423	097B			     maskint_1:
   1424	097B  C3			     ret
   1425
Turbo Assembler	 Version 4.1	    06/02/26 07:01:08	    Page 26
head.ASM



   1426
   1427					     public  unmaskint
   1428	097C			     unmaskint:
   1429				     ;exit with	cl = 0 if the interrupt	had been enabled.
   1430					     assume  ds:code
   1431	097C  BA 0021			     mov     dx,21h		     ;assume the master	8259.
   1432	097F  8A C8			     mov     cl,al
   1433	0981  80 F9 08			     cmp     cl,8		     ;using the	slave 8259 on an AT?
   1434	0984  72 1A			     jb	     unmask_not_irq2	     ;no
   1435	0986  EC			     in	     al,dx		     ;get master mask
   1436	0987  50			     push    ax
   1437	0988  E4 61			     in	     al,61h		     ;wait lots	of time.
   1438	098A  E4 61			     in	     al,61h
   1439	098C  E4 61			     in	     al,61h
   1440	098E  58			     pop     ax
   1441	098F  24 FB			     and     al,not (1 shl 2)	     ; and clear slave cascade bit in mask
   1442	0991  EE			     out     dx,al		     ;set new master mask (enable slave	int)
   1443				     ;
   1444				     ; 500ns Stall required here, per INTEL documentation for eisa machines
   1445				     ; - gft - 910617
   1446				     ;
   1447	0992  50			     push    ax
   1448	0993  E4 61			     in	     al,61h  ; 1.5 - 3 uS should be plenty
   1449	0995  E4 61			     in	     al,61h
   1450	0997  E4 61			     in	     al,61h
   1451	0999  58			     pop     ax
   1452	099A  BA 00A1			     mov     dx,0a1h		     ;go enable	int on slave 8259
   1453	099D  80 E9 08			     sub     cl,8
   1454	09A0			     unmask_not_irq2:
   1455
   1456	09A0  EC			     in	     al,dx		     ;enable interrupts	on the correct 8259.
   1457	09A1  B4 01			     mov     ah,1		     ;clear the	bit.
   1458	09A3  D2 E4			     shl     ah,cl
   1459	09A5  8A C8			     mov     cl,al		     ;remember the original mask.
   1460	09A7  22 CC			     and     cl,ah
   1461	09A9  F6 D4			     not     ah
   1462	09AB  22 C4			     and     al,ah
   1463				     ;
   1464				     ; 500ns Stall required here, per INTEL documentation for eisa machines
   1465				     ; - gft - 910617
   1466				     ;
   1467	09AD  50			     push    ax
   1468	09AE  E4 61			     in	     al,61h  ; 1.5 - 3 uS should be plenty
   1469	09B0  E4 61			     in	     al,61h
   1470	09B2  E4 61			     in	     al,61h
   1471	09B4  58			     pop     ax
   1472	09B5  EE			     out     dx,al
   1473
   1474	09B6  C3			     ret
   1475
   1476
   1477					     public  recv_locate
   1478	09B7			     recv_locate:
   1479				     ;called when we want to determine what to do with a received packet.
   1480				     ;enter with es:di -> packet type, dl = packet class.
   1481				     ;exit with	cy if the packet is not	desired, or nc if we know its type.
   1482					     assume  ds:code, es:nothing
Turbo Assembler	 Version 4.1	    06/02/26 07:01:08	    Page 27
head.ASM



   1483
   1484				     ; If -n option take IEEE 802.3 encapsulated packets that could be Novell IPX
   1485				     ; and make	them Ethernet encapsulated Novell IPX packets (for PDSHELL).
   1486	09B7  F6 06 0210r 04		     test    flagbyte,N_OPTION
   1487	09BC  74 28			     jz	     not_n_op
   1488
   1489				     ; Make IEEE 802.3-like packets that could be Novell IPX into BlueBook class
   1490				     ; Novell type 8137	packets.
   1491	09BE  80 FA 0B			     cmp     dl,IEEE8023	     ;Is this an IEEE 802.3 packet?
   1492	09C1  75 12			     jne     recv_not_802_3	     ;no
   1493	09C3  26: 83 3D	FF		     cmp     word ptr es:[di],0ffffh ;if this word not ffff
   1494	09C7  75 1D			     jne     recv_not_8137	     ;	then not Novell
   1495	09C9  83 EF 02			     sub     di,2		     ; back it up to the 8137 word.
   1496	09CC  26: C7 05	3781		     mov     word ptr es:[di],3781h  ; fake as Novell protocol (8137)
   1497	09D1  B2 01			     mov     dl,BLUEBOOK
   1498	09D3  EB 11			     jmp     short recv_not_8137
   1499	09D5			     recv_not_802_3:
   1500				     ; Convert incoming	Ethernet type 8137 IPX packets to type 8138, as	with -n	in
   1501				     ; effect we can't send type 8137, and it will only	confuse	Netware.
   1502	09D5  80 FA 01			     cmp     dl,BLUEBOOK	     ;Is this a	BLUEBOOK packet?
   1503	09D8  75 0C			     jne     recv_not_8137	     ;no, don't	change it.
   1504	09DA  26: 81 3D	3781		     cmp     word ptr es:[di],3781h  ;Is it an 8137 packet?
   1505	09DF  75 05			     jne     recv_not_8137	     ;no, don't	change it.
   1506	09E1  26: C7 05	3881		     mov     word ptr es:[di],word ptr 3881h ;yes, mung	it slightly.
   1507	09E6			     recv_not_8137:
   1508	09E6			     not_n_op:
   1509
   1510	09E6  BB 063Fr			     mov     bx,offset type_list     ;point bx to the ordered list.
   1511	09E9			     recv_locate_1:
   1512	09E9  8B 1F			     mov     bx,[bx].next_type	     ;point to the next	one.
   1513	09EB  83 FB 00			     cmp     bx,0		     ;any more handles to look at?
   1514	09EE  74 2C			     je	     recv_locate_4	     ;no - can't be for	us.
   1515
   1516	09F0  8B 47 0D			     mov     ax,[bx].receiver.offs   ;do they have a receiver?
   1517	09F3  0B 47 0F			     or	     ax,[bx].receiver.segm
   1518	09F6  74 F1			     je	     recv_locate_1	     ;no - they're not serious about it.
   1519
   1520				     ;per request by the UK people, we match on	IEEE 802.3 classes, then types.
   1521				     ;for all others, we match on type,	then class.  This lets their software work
   1522				     ;without breaking BLUEBOOK	type length=0 clients.
   1523	09F8  80 7F 19 0B		     cmp     [bx].class,IEEE8023     ;is this an IEEE 802.3 handle
   1524	09FC  75 05			     jne     recv_locate_2	     ;no.
   1525	09FE  80 FA 0B			     cmp     dl,IEEE8023	     ;is the packet also IEEE 802.3?
   1526	0A01  75 E6			     jne     recv_locate_1	     ;no, give up on it	now.
   1527	0A03			     recv_locate_2:
   1528
   1529	0A03  8B 4F 0B			     mov     cx,[bx].packet_type_len ;compare the packets.
   1530	0A06  8D 77 03			     lea     si,[bx].packet_type
   1531	0A09  E3 0B			     jcxz    recv_locate_3	     ;if cx is zero, they want them all.
   1532
   1533	0A0B  38 57 19			     cmp     [bx].class, dl	     ;is this the right	class?
   1534	0A0E  75 D9			     jne     recv_locate_1	     ;no- don't	bother
   1535
   1536	0A10  57			     push    di
   1537	0A11  F3> A6			     repe    cmpsb
   1538	0A13  5F			     pop     di
   1539	0A14  75 D3			     jne     recv_locate_1	     ;types don't match.
Turbo Assembler	 Version 4.1	    06/02/26 07:01:08	    Page 28
head.ASM



   1540	0A16			     recv_locate_3:
   1541	0A16  89 1E 03A6r		     mov     found_handle,bx	     ;remember what our	handle was.
   1542	0A1A  F8			     clc
   1543	0A1B  C3			     ret
   1544
   1545	0A1C			     recv_locate_4:
   1546					     add2    packets_dropped,1	     ;count it as dropped.
1  1547	0A1C  83 06 03CCr 01		     add     packets_dropped.offs,1	     ;increment	the low	word
1  1548	0A21  83 16 03CEr 00		     adc     packets_dropped.segm,0	     ;increment	the high word
   1549	0A26  F9			     stc
   1550	0A27  C3			     ret
   1551
   1552
   1553					     public  recv_find,	recv_found
   1554	0A28			     recv_find:
   1555				     ;called when we want to determine what to do with a received packet.
   1556				     ;enter with cx = packet length, es:di -> packet type, dl =	packet class.
   1557				     ;exit with	es:di =	0 if the packet	is not desired,	or es:di -> packet buffer
   1558				     ;	to be filled by	the driver.
   1559					     assume  ds:code, es:nothing
   1560	0A28  51			     push    cx			     ;preserve packet length.
   1561	0A29  E8 FF8B			     call    recv_locate	     ;search for the packet type.
   1562	0A2C  59			     pop     cx
   1563	0A2D  72 37			     jc	     recv_find_5	     ;we didn't	find it	-- discard it.
   1564				     ;
   1565	0A2F			     recv_found:
   1566				     ;called to	do the first upcall.
   1567				     ;exit with	es:di =	0 if the packet	is not desired,	or es:di -> packet buffer
   1568				     ;	to be filled by	the driver.
   1569
   1570					     add2    packets_in,1
1  1571	0A2F  83 06 03B4r 01		     add     packets_in.offs,1		     ;increment	the low	word
1  1572	0A34  83 16 03B6r 00		     adc     packets_in.segm,0		     ;increment	the high word
   1573					     add2    bytes_in,cx	     ;add up the received bytes.
1  1574	0A39  01 0E 03BCr		     add     bytes_in.offs,cx		     ;increment	the low	word
1  1575	0A3D  83 16 03BEr 00		     adc     bytes_in.segm,0	     ;increment	the high word
   1576
   1577	0A42  8B 1E 03A6r		     mov     bx,found_handle
   1578	0A46  C4 7F 0D			     les     di,[bx].receiver	     ;remember the receiver upcall.
   1579	0A49  89 3E 03A8r		     mov     receive_ptr.offs,di
   1580	0A4D  8C 06 03AAr		     mov     receive_ptr.segm,es
   1581
   1582	0A51  F6 06 0210r 08		     test    flagbyte,W_OPTION	     ;did they select the Windows option?
   1583	0A56  74 13			     je	     recv_find_6	     ;no, don't	check for the upcall.
   1584
   1585				     ; does the	receiver signature match whats currently in memory?  if	not,
   1586				     ; jump to fake return
   1587	0A58  56			     push    si
   1588	0A59  51			     push    cx
   1589	0A5A  8D 77 11			     lea     si,[bx].receiver_sig
   1590	0A5D  B9 0004			     mov     cx,8/2
   1591	0A60  F3> A7			     repe    cmpsw
   1592	0A62  59			     pop     cx
   1593	0A63  5E			     pop     si
   1594	0A64  74 05			     je	     recv_find_6
   1595	0A66			     recv_find_5:
   1596	0A66  33 FF			     xor     di,di		     ;"return" a null pointer.
Turbo Assembler	 Version 4.1	    06/02/26 07:01:08	    Page 29
head.ASM



   1597	0A68  8E C7			     mov     es,di
   1598	0A6A  C3			     ret
   1599	0A6B			     recv_find_6:
   1600
   1601	0A6B  B8 0000			     mov     ax,0		     ;allocate request.
   1602	0A6E  F9			     stc			     ;with stc,	flags must be an odd number
   1603	0A6F  50			     push    ax			     ; save a number that cant be flags
   1604	0A70  9C			     pushf			     ;save flags in case iret used.
   1605	0A71  FF 1E 03A8r		     call    receive_ptr	     ;ask the client for a buffer.
   1606					     ; on return, flags	should be at top of stack. if an IRET has been used,
   1607					     ; then 0 will be at the top of the	stack
   1608	0A75  5B			     pop     bx
   1609	0A76  83 FB 00			     cmp     bx,0
   1610	0A79  74 03			     je	     recv_find_4	     ;0	is at top of stack
   1611	0A7B  83 C4 02			     add     sp,2
   1612	0A7E			     recv_find_4:
   1613	0A7E  C3			     ret
   1614
   1615
   1616					     public  recv_copy
   1617	0A7F			     recv_copy:
   1618				     ;called after we have copied the packet into the buffer.
   1619				     ;enter with ds:si ->the packet, cx	= length of the	packet.
   1620				     ;preserve bx.
   1621					     assume  ds:nothing, es:nothing
   1622
   1623	0A7F  53			     push    bx
   1624	0A80  2E: 8B 1E	03A6r		     mov     bx,found_handle
   1625	0A85  B8 0001			     mov     ax,1		     ;store request.
   1626	0A88  F8			     clc			     ;with clc,	flags must be an even number
   1627	0A89  50			     push    ax			     ; save a number that can't	be flags
   1628	0A8A  9C			     pushf			     ;save flags incase	iret used.
   1629	0A8B  2E: FF 1E	03A8r		     call    receive_ptr	     ;ask the client for a buffer.
   1630	0A90  5B			     pop     bx
   1631	0A91  83 FB 01			     cmp     bx,1		     ;if this is a 1, IRET was used.
   1632	0A94  74 01			     je	     recv_copy_1
   1633	0A96  5B			     pop     bx
   1634	0A97			     recv_copy_1:
   1635	0A97  5B			     pop     bx
   1636	0A98  C3			     ret
   1637
   1638					     public  send_queue
   1639	0A99			     send_queue:
   1640				     ; Queue an	iocb.
   1641				     ; Enter with es:di	-> iocb, interrupts disabled.
   1642				     ; Destroys	ds:si.
   1643					     assume  ds:nothing, es:nothing
   1644	0A99  26: C7 45	0C 0000		     mov     es:[di].next.offs,0     ; Zero next offset
   1645	0A9F  26: C7 45	0E 0000		     mov     es:[di].next.segm,0     ; Zero next segment
   1646	0AA5  2E: 8B 36	03ACr		     mov     si,send_head.offs	     ; Queue empty?
   1647	0AAA  2E: 0B 36	03AEr		     or	     si,send_head.segm
   1648	0AAF  75 0C			     jnz     sq_notempty	     ; No
   1649	0AB1  2E: 89 3E	03ACr		     mov     send_head.offs,di	     ; Set head	offset
   1650	0AB6  2E: 8C 06	03AEr		     mov     send_head.segm,es	     ; Set head	segment
   1651	0ABB  EB 0B			     jmp     short sq_settail
   1652	0ABD			     sq_notempty:			     ; Queue is	not empty
   1653	0ABD  2E: C5 36	03B0r		     lds     si,send_tail	     ; Get tail	segment:offset
Turbo Assembler	 Version 4.1	    06/02/26 07:01:08	    Page 30
head.ASM



   1654	0AC2  89 7C 0C			     mov     ds:[si].next.offs,di    ; Set next	offset
   1655	0AC5  8C 44 0E			     mov     ds:[si].next.segm,es    ; Set next	segment
   1656	0AC8			     sq_settail:
   1657	0AC8  2E: 89 3E	03B0r		     mov     send_tail.offs,di	     ; Set tail	offset
   1658	0ACD  2E: 8C 06	03B2r		     mov     send_tail.segm,es	     ; Set tail	segment
   1659	0AD2  C3			     ret
   1660
   1661
   1662					     public  send_dequeue
   1663	0AD3			     send_dequeue:
   1664				     ; Dequeue an iocb and possibly call its upcall.
   1665				     ; Enter with device or processor interrupts disabled, ah =	return code.
   1666				     ; Exits with es:di	-> iocb; destroys ds:si, ax, bx, cx, dx, bp.
   1667					     assume  ds:nothing, es:nothing
   1668	0AD3  2E: C4 3E	03ACr		     les     di,send_head	     ; Get head	segment:offset
   1669	0AD8  26: C5 75	0C		     lds     si,es:[di].next	     ; Get next	segment:offset
   1670	0ADC  2E: 89 36	03ACr		     mov     send_head.offs, si	     ; Set head	offset
   1671	0AE1  2E: 8C 1E	03AEr		     mov     send_head.segm, ds	     ; Set head	segment
   1672	0AE6  26: 80 4D	06 01		     or	     es:flags[di], DONE	     ; Mark done
   1673	0AEB  26: 88 65	07		     mov     es:ret_code[di], ah     ; Set retcode
   1674	0AEF  26: F6 45	06 02		     test    es:[di].flags,CALLME    ; Does he want an upcall?
   1675	0AF4  74 17			     je	     send_dequeue_1	     ; No.
   1676	0AF6  06			     push    es			     ; Push iocb segment
   1677	0AF7  57			     push    di			     ;	and offset
   1678	0AF8  F8			     clc			     ; Clear carry.
   1679	0AF9  B8 0001			     mov     ax,1		     ; Push a number that cant be flags.
   1680	0AFC  50			     push    ax
   1681	0AFD  9C			     pushf			     ; Save flags in case iret used.
   1682	0AFE  26: FF 5D	08		     call    es:[di].upcall	     ; Call the	client.
   1683	0B02  58			     pop     ax			     ; Pop first word.
   1684	0B03  3D 0001			     cmp     ax,1		     ; If this is a 1, IRET was	used.
   1685	0B06  74 03			     je	     send_dequeue_2	     ; Far return used.
   1686	0B08  83 C4 02			     add     sp,2		     ; Pop flags.
   1687	0B0B			     send_dequeue_2:
   1688	0B0B  5F			     pop     di			     ; Pop iocb	segment
   1689	0B0C  07			     pop     es			     ;	and offset
   1690	0B0D			     send_dequeue_1:
   1691	0B0D  C3			     ret
   1692
   1693
   1694	0B0E			     code    ends
   1695
   1696					     end     start
Turbo Assembler	 Version 4.1	    06/02/26 07:01:08	    Page 31
Symbol Table




Symbol Name			  Type	 Value

??DATE				  Text	 "06/02/26"
??FILENAME			  Text	 "head	  "
??TIME				  Text	 "07:01:07"
??VERSION			  Number 040A
@CPU				  Text	 0101H
@CURSEG				  Text	 CODE
@FILENAME			  Text	 HEAD
@WORDSIZE			  Text	 2
ACCESS_TYPE_1			  Near	 CODE:0587
ACCESS_TYPE_2			  Near	 CODE:0596
ACCESS_TYPE_3			  Near	 CODE:05A2
ACCESS_TYPE_4			  Near	 CODE:05AD
ACCESS_TYPE_5			  Near	 CODE:05D4
ACCESS_TYPE_6			  Near	 CODE:05D6
ACCESS_TYPE_9			  Near	 CODE:057B
ACCESS_TYPE_BAD			  Near	 CODE:0574
ACCESS_TYPE_CLASS		  Near	 CODE:0568
ACCESS_TYPE_NUMBER		  Near	 CODE:0570
ACCESS_TYPE_SPACE		  Near	 CODE:0627
ACCESS_TYPE_TYPE		  Near	 CODE:056C
ADDRESS_LEN			  Word	 CODE:0382
ARCADDR_LEN			  Number 0001
AS_SEND_PKT			  Near	 CODE:---- Extern
BAD_ADDRESS			  Number 000E
BAD_COMMAND			  Number 000B
BAD_COMMAND_INTERCEPT		  Near	 CODE:---- Extern
BAD_IOCB			  Number 0010
BAD_MODE			  Number 0008
BLUEBOOK			  Number 0001
BRANDING_MSG			  Byte	 CODE:---- Extern
BYTES_IN			  Word	 CODE:03BC
BYTES_OUT			  Word	 CODE:03C0
CALLED_ETOPEN			  Number 0001
CALLME				  Number 0002
CANT_RESET			  Number 000F
CANT_SEND			  Number 000C
CANT_SET			  Number 000D
CANT_TERMINATE			  Number 0007
COUNT_HANDLES			  Near	 CODE:081F
COUNT_HANDLES_1			  Near	 CODE:0824
COUNT_IN_ERR			  Near	 CODE:0895
COUNT_OUT_ERR			  Near	 CODE:08A2
CR				  Number 000D
CY				  Number 0001
DEFAULT_HANDLE			  Near	 CODE:04AB
DONE				  Number 0001
DP_ENDLIST			  Near	 CODE:0722
DP_GETNEXT			  Near	 CODE:0719
DP_LOOP				  Near	 CODE:06F5
DRIVER_CLASS			  Byte	 CODE:---- Extern
DRIVER_FUNCTION			  Byte	 CODE:---- Extern
DRIVER_NAME			  Byte	 CODE:---- Extern
DRIVER_TYPE			  Byte	 CODE:---- Extern
DROP_PKT			  Near	 CODE:---- Extern
Turbo Assembler	 Version 4.1	    06/02/26 07:01:08	    Page 32
Symbol Table



D_OPTION			  Number 0002
EADDR_LEN			  Number 0006
EI				  Number 0200
END_HANDLES			  Byte	 CODE:034A
ENTRY_POINT			  Byte	 CODE:0208
EPROT_OFF			  Number 000C
ERRORS_IN			  Word	 CODE:03C4
ERRORS_OUT			  Word	 CODE:03C8
ERR_BAD_HANDLE			  Number 0001
ERR_BAD_TYPE			  Number 0005
ETOPEN				  Near	 CODE:---- Extern
FLAGBYTE			  Byte	 CODE:0210
FOUND_HANDLE			  Word	 CODE:03A6
FUNCTIONS			  Word	 CODE:0212
F_ACCESS_TYPE			  Near	 CODE:0578
F_AS_SEND_PKT			  Near	 CODE:06B3
F_AS_SEND_PKT_1			  Near	 CODE:06C2
F_AS_SEND_PKT_2			  Near	 CODE:06E6
F_BAD_COMMAND			  Near	 CODE:0469
F_DRIVER_INFO			  Near	 CODE:0486
F_DRIVER_INFO_1			  Near	 CODE:04D1
F_DROP_PKT			  Near	 CODE:06EA
F_GET_ADDRESS			  Near	 CODE:0789
F_GET_MULTICAST_LIST		  Near	 CODE:0547
F_GET_PARAMETERS		  Near	 CODE:080A
F_GET_PARAMETERS_1		  Near	 CODE:0815
F_GET_RCV_MODE			  Near	 CODE:0507
F_GET_STATISTICS		  Near	 CODE:055B
F_NOT_IMPLEMENTED		  Near	 CODE:0482
F_RELEASE_TYPE			  Near	 CODE:062B
F_RELEASE_TYPE_1		  Near	 CODE:063D
F_RESET_INTERFACE		  Near	 CODE:07F0
F_SEND_PKT			  Near	 CODE:0677
F_SEND_PKT_2			  Near	 CODE:0699
F_SEND_PKT_3			  Near	 CODE:06AF
F_SET_ADDRESS			  Near	 CODE:07A1
F_SET_ADDRESS_ERR		  Near	 CODE:07E4
F_SET_ADDRESS_INUSE		  Near	 CODE:07DC
F_SET_ADDRESS_TOO_LONG		  Near	 CODE:07E0
F_SET_MULTICAST_LIST		  Near	 CODE:0512
F_SET_MULTICAST_LIST_1		  Near	 CODE:0524
F_SET_MULTICAST_LIST_2		  Near	 CODE:053F
F_SET_MULTICAST_LIST_3		  Near	 CODE:0543
F_SET_RCV_MODE			  Near	 CODE:04D3
F_SET_RCV_MODE_1		  Near	 CODE:0503
F_SET_RCV_MODE_4		  Near	 CODE:0501
F_STOP				  Near	 CODE:07F8
F_STOP_2			  Near	 CODE:07FB
F_TERMINATE			  Near	 CODE:0727
F_TERMINATE_3			  Near	 CODE:0753
F_TERMINATE_4			  Near	 CODE:0785
F_TERMINATE_NO_IRQ		  Near	 CODE:075B
F_TERMINATE_NO_MASK		  Near	 CODE:0746
F_TERMINATE_NO_TIMER		  Near	 CODE:076D
GET_ADDRESS_SPACE		  Near	 CODE:079D
GIANT				  Number 05EA
GOT_HANDLE			  Near	 CODE:04B1
Turbo Assembler	 Version 4.1	    06/02/26 07:01:08	    Page 33
Symbol Table



HANDLES				  Struct CODE:0246 PER_HANDLE
HT				  Number 0009
IEEE8023			  Number 000B
INT_NO				  Byte	 CODE:---- Extern
IN_RECV_ISR			  Byte	 CODE:08AF
IS_186				  Byte	 CODE:020D
IS_286				  Byte	 CODE:020E
IS_386				  Byte	 CODE:020F
LF				  Number 000A
MAJVER				  Number 000B
MASKINT				  Near	 CODE:0959
MASKINT_1			  Near	 CODE:097B
MASK_NOT_IRQ2			  Near	 CODE:0969
MAX_ADDR_LEN			  Number 0010
MAX_HANDLE			  Number 000A
MAX_MULTICAST			  Number 0008
MAX_P_LEN			  Number 0008
MULTICAST_ADDRS			  Byte	 CODE:0352
MULTICAST_BROAD			  Byte	 CODE:034C
MULTICAST_COUNT			  Word	 CODE:034A
MY_ADDRESS			  Byte	 CODE:0394
M_OPTION			  Number 0020
NOT_N_OP			  Near	 CODE:09E6
NO_CLASS			  Number 0002
NO_ERROR			  Number 0000
NO_MULTICAST			  Number 0006
NO_NUMBER			  Number 0004
NO_SPACE			  Number 0009
NO_TYPE				  Number 0003
N_OPTION			  Number 0004
ORIGINAL_MASK			  Byte	 CODE:0211
OUR_ISR				  Near	 CODE:03E0
OUR_ISR_0			  Near	 CODE:0428
OUR_ISR_CONT			  Near	 CODE:0443
OUR_ISR_ERROR			  Near	 CODE:045E
OUR_ISR_NO_INIT			  Near	 CODE:0414
OUR_ISR_OPEN			  Near	 CODE:03EC
OUR_ISR_RETURN			  Near	 CODE:0454
OUR_STACK			  Byte	 CODE:0208
PACKETS_DROPPED			  Word	 CODE:03CC
PACKETS_IN			  Word	 CODE:03B4
PACKETS_OUT			  Word	 CODE:03B8
PARAMETER_LIST			  Byte	 CODE:---- Extern
PHD_DIOA			  Byte	 CODE:0080
PHD_ENVIRON			  Word	 CODE:002C
RCV_MODES			  Word	 CODE:---- Extern
RCV_MODE_NUM			  Word	 CODE:03A4
RECEIVE_PTR			  Dword	 CODE:03A8
RECV				  Near	 CODE:---- Extern
RECV_COPY			  Near	 CODE:0A7F
RECV_COPY_1			  Near	 CODE:0A97
RECV_EXITING_ADDR		  Dword	 CODE:091E
RECV_EXITING_EXIT		  Near	 CODE:0947
RECV_EXITING_FLAG		  Byte	 CODE:091D
RECV_FIND			  Near	 CODE:0A28
RECV_FIND_4			  Near	 CODE:0A7E
RECV_FIND_5			  Near	 CODE:0A66
Turbo Assembler	 Version 4.1	    06/02/26 07:01:08	    Page 34
Symbol Table



RECV_FIND_6			  Near	 CODE:0A6B
RECV_FOUND			  Near	 CODE:0A2F
RECV_IRET			  Near	 CODE:091C
RECV_ISR			  Near	 CODE:08B0
RECV_ISR_3			  Near	 CODE:08FB
RECV_ISR_4			  Near	 CODE:08F3
RECV_LOCATE			  Near	 CODE:09B7
RECV_LOCATE_1			  Near	 CODE:09E9
RECV_LOCATE_2			  Near	 CODE:0A03
RECV_LOCATE_3			  Near	 CODE:0A16
RECV_LOCATE_4			  Near	 CODE:0A1C
RECV_NOT_802_3			  Near	 CODE:09D5
RECV_NOT_8137			  Near	 CODE:09E6
RESET_INTERFACE			  Near	 CODE:---- Extern
RE_ENABLE_INTERRUPTS		  Near	 CODE:0479
RE_ENABLE_INTERRUPTS_1		  Near	 CODE:0481
ROM_ADDRESS			  Byte	 CODE:0384
RUNT				  Number 003C
SAVESP				  Word	 CODE:03D0
SAVESPSS			  Dword	 CODE:03D0
SAVESS				  Word	 CODE:03D2
SCHEDULE_EXITING		  Near	 CODE:0922
SCHEDULE_EXITING_1		  Near	 CODE:0946
SEND_DEQUEUE			  Near	 CODE:0AD3
SEND_DEQUEUE_1			  Near	 CODE:0B0D
SEND_DEQUEUE_2			  Near	 CODE:0B0B
SEND_HEAD			  Dword	 CODE:03AC
SEND_PKT			  Near	 CODE:---- Extern
SEND_QUEUE			  Near	 CODE:0A99
SEND_TAIL			  Dword	 CODE:03B0
SET_ADDRESS			  Near	 CODE:---- Extern
SET_ISR_NO_IRQ			  Near	 CODE:0894
SET_ISR_NO_TIMER		  Near	 CODE:088B
SET_MULTICAST_LIST		  Near	 CODE:---- Extern
SET_RECV_ISR			  Near	 CODE:084E
SET_RECV_ISR_1			  Near	 CODE:085F
SORT_TYPE_LIST			  Near	 CODE:0641
SORT_TYPE_LIST_1		  Near	 CODE:064A
SORT_TYPE_LIST_2		  Near	 CODE:066D
SORT_TYPE_LIST_3		  Near	 CODE:0658
SORT_TYPE_LIST_4		  Near	 CODE:0667
SORT_TYPE_LIST_5		  Near	 CODE:0661
SQ_NOTEMPTY			  Near	 CODE:0ABD
SQ_SETTAIL			  Near	 CODE:0AC8
START				  Near	 CODE:0100
START_1				  Near	 CODE:---- Extern
STATISTICS_LIST			  Dword	 CODE:03B4
SYS_FEATURES			  Byte	 CODE:020C
SYS_MCA				  Number 0002
TERMINATE			  Near	 CODE:---- Extern
THEIR_ISR			  Dword	 CODE:03DC
THEIR_RECV_ISR			  Dword	 CODE:03D8
THEIR_TIMER			  Dword	 CODE:03D4
TIMER_ISR			  Near	 CODE:---- Extern
TWO_8259			  Number 0040
TYPE_INUSE			  Number 000A
TYPE_LIST			  Word	 CODE:063F
Turbo Assembler	 Version 4.1	    06/02/26 07:01:08	    Page 35
Symbol Table



UNMASKINT			  Near	 CODE:097C
UNMASK_NOT_IRQ2			  Near	 CODE:09A0
U_OPTION			  Number 0010
VERIFY_HANDLE			  Near	 CODE:0831
VERIFY_HANDLE_BAD		  Near	 CODE:0847
W_OPTION			  Number 0008
XMIT				  Near	 CODE:---- Extern

Macro Name

ADD2
LOADPORT
MOVSEG
PRINT
PRINT_IT
REPMOV
SEND_PEEKQUEUE
SEND_QUEUEEMPTY
SETPORT
TO_SCRN

Structure Name			  Type	Offset

BYTES
 _DL				  Byte	 000A
 _DH				  Byte	 000B
 _CL				  Byte	 000C
 _CH				  Byte	 000D
 _BL				  Byte	 000E
 _BH				  Byte	 000F
 _AL				  Byte	 0010
 _AH				  Byte	 0011
IOCB
 BUFFER				  Dword	 0000
 LEN				  Word	 0004
 FLAGS				  Byte	 0006
 RET_CODE			  Byte	 0007
 UPCALL				  Dword	 0008
 NEXT				  Dword	 000C
 RESV				  Byte	 0010
PER_HANDLE
 NEXT_TYPE			  Word	 0000
 IN_USE				  Byte	 0002
 PACKET_TYPE			  Byte	 0003
 PACKET_TYPE_LEN		  Word	 000B
 RECEIVER			  Dword	 000D
 RECEIVER_SIG			  Byte	 0011
 CLASS				  Byte	 0019
RECV_ISR_FRAME
 RECV_ISR_DS			  Word	 0000
 RECV_ISR_DX			  Word	 0002
 RECV_ISR_AX			  Word	 0004
 RECV_ISR_IP			  Word	 0006
 RECV_ISR_CS			  Word	 0008
 RECV_ISR_F			  Word	 000A
REGS
 _ES				  Word	 0000
Turbo Assembler	 Version 4.1	    06/02/26 07:01:08	    Page 36
Symbol Table



 _DS				  Word	 0002
 _BP				  Word	 0004
 _DI				  Word	 0006
 _SI				  Word	 0008
 _DX				  Word	 000A
 _CX				  Word	 000C
 _BX				  Word	 000E
 _AX				  Word	 0010
 _IP				  Word	 0012
 _CS				  Word	 0014
 _F				  Word	 0016
SEGMOFFS
 OFFS				  Word	 0000
 SEGM				  Word	 0002

Groups & Segments		  Bit Size Align  Combine Class

CODE				  16  0B0E Word	  Public
